0 verbose cli /usr/local/bin/node /usr/local/bin/npm
1 info using npm@11.6.2
2 info using node@v24.13.0
3 silly config load:file:/usr/local/lib/node_modules/npm/npmrc
4 silly config load:file:/Users/sungsookim/universe/vectorfl_replica/references/git_search/paperclip-master/.npmrc
5 warn Unknown project config "auto-install-peers". This will stop working in the next major version of npm.
6 silly config load:file:/Users/sungsookim/.npmrc
7 silly config load:file:/Users/sungsookim/universe/vectorfl_replica/references/git_search/paperclip-master/etc/npmrc
8 verbose title npm install pnpm@9.15.4
9 verbose argv "install" "pnpm@9.15.4" "--prefix" "references/git_search/paperclip-master"
10 verbose logfile logs-max:10 dir:/Users/sungsookim/universe/vectorfl_replica/references/git_search/paperclip-master/.npm-cache/_logs/2026-04-07T11_29_52_731Z-
11 verbose logfile /Users/sungsookim/universe/vectorfl_replica/references/git_search/paperclip-master/.npm-cache/_logs/2026-04-07T11_29_52_731Z-debug-0.log
12 silly logfile done cleaning log files
13 silly packumentCache heap:2348810240 maxSize:587202560 maxEntrySize:293601280
14 silly idealTree buildDeps
15 silly fetch manifest pnpm@9.15.4
16 silly packumentCache full:https://registry.npmjs.org/pnpm cache-miss
17 http fetch GET 200 https://registry.npmjs.org/npm 149ms
18 http fetch GET 200 https://registry.npmjs.org/pnpm 176ms (cache miss)
19 silly packumentCache full:https://registry.npmjs.org/pnpm set size:undefined disposed:false
20 silly fetch manifest @playwright/test@^1.58.2
21 silly packumentCache full:https://registry.npmjs.org/@playwright%2ftest cache-miss
22 http fetch GET 200 https://registry.npmjs.org/@playwright%2ftest 162ms (cache miss)
23 silly packumentCache full:https://registry.npmjs.org/@playwright%2ftest set size:undefined disposed:false
24 silly fetch manifest cross-env@^10.1.0
25 silly packumentCache full:https://registry.npmjs.org/cross-env cache-miss
26 http fetch GET 200 https://registry.npmjs.org/cross-env 44ms (cache miss)
27 silly packumentCache full:https://registry.npmjs.org/cross-env set size:undefined disposed:false
28 silly fetch manifest esbuild@^0.27.3
29 silly packumentCache full:https://registry.npmjs.org/esbuild cache-miss
30 http fetch GET 200 https://registry.npmjs.org/esbuild 70ms (cache miss)
31 silly packumentCache full:https://registry.npmjs.org/esbuild set size:undefined disposed:false
32 silly fetch manifest typescript@^5.7.3
33 silly packumentCache full:https://registry.npmjs.org/typescript cache-miss
34 http fetch GET 200 https://registry.npmjs.org/typescript 213ms (cache miss)
35 silly packumentCache full:https://registry.npmjs.org/typescript set size:undefined disposed:false
36 silly fetch manifest vitest@^3.0.5
37 silly packumentCache full:https://registry.npmjs.org/vitest cache-miss
38 http fetch GET 200 https://registry.npmjs.org/vitest 69ms (cache miss)
39 silly packumentCache full:https://registry.npmjs.org/vitest set size:undefined disposed:false
40 silly fetch manifest @edge-runtime/vm@*
41 silly packumentCache full:https://registry.npmjs.org/@edge-runtime%2fvm cache-miss
42 http fetch GET 200 https://registry.npmjs.org/@edge-runtime%2fvm 64ms (cache miss)
43 silly packumentCache full:https://registry.npmjs.org/@edge-runtime%2fvm set size:undefined disposed:false
44 silly fetch manifest @types/debug@^4.1.12
45 silly packumentCache full:https://registry.npmjs.org/@types%2fdebug cache-miss
46 http fetch GET 200 https://registry.npmjs.org/@types%2fdebug 57ms (cache miss)
47 silly packumentCache full:https://registry.npmjs.org/@types%2fdebug set size:undefined disposed:false
48 silly fetch manifest @types/node@^18.0.0 || ^20.0.0 || >=22.0.0
49 silly packumentCache full:https://registry.npmjs.org/@types%2fnode cache-miss
50 http fetch GET 200 https://registry.npmjs.org/@types%2fnode 146ms (cache miss)
51 silly packumentCache full:https://registry.npmjs.org/@types%2fnode set size:undefined disposed:false
52 silly fetch manifest @vitest/browser@3.2.4
53 silly packumentCache full:https://registry.npmjs.org/@vitest%2fbrowser cache-miss
54 http fetch GET 200 https://registry.npmjs.org/@vitest%2fbrowser 67ms (cache miss)
55 silly packumentCache full:https://registry.npmjs.org/@vitest%2fbrowser set size:undefined disposed:false
56 silly fetch manifest playwright@*
57 silly packumentCache full:https://registry.npmjs.org/playwright cache-miss
58 http fetch GET 200 https://registry.npmjs.org/playwright 303ms (cache miss)
59 silly packumentCache full:https://registry.npmjs.org/playwright set size:undefined disposed:false
60 silly fetch manifest webdriverio@^7.0.0 || ^8.0.0 || ^9.0.0
61 silly packumentCache full:https://registry.npmjs.org/webdriverio cache-miss
62 http fetch GET 200 https://registry.npmjs.org/webdriverio 73ms (cache miss)
63 silly packumentCache full:https://registry.npmjs.org/webdriverio set size:undefined disposed:false
64 silly fetch manifest puppeteer-core@>=22.x || <=24.x
65 silly packumentCache full:https://registry.npmjs.org/puppeteer-core cache-miss
66 http fetch GET 200 https://registry.npmjs.org/puppeteer-core 62ms (cache miss)
67 silly packumentCache full:https://registry.npmjs.org/puppeteer-core set size:undefined disposed:false
68 silly fetch manifest @vitest/ui@3.2.4
69 silly packumentCache full:https://registry.npmjs.org/@vitest%2fui cache-miss
70 http fetch GET 200 https://registry.npmjs.org/@vitest%2fui 77ms (cache miss)
71 silly packumentCache full:https://registry.npmjs.org/@vitest%2fui set size:undefined disposed:false
72 silly fetch manifest happy-dom@*
73 silly packumentCache full:https://registry.npmjs.org/happy-dom cache-miss
74 http fetch GET 200 https://registry.npmjs.org/happy-dom 64ms (cache miss)
75 silly packumentCache full:https://registry.npmjs.org/happy-dom set size:undefined disposed:false
76 silly fetch manifest jsdom@*
77 silly packumentCache full:https://registry.npmjs.org/jsdom cache-miss
78 http fetch GET 200 https://registry.npmjs.org/jsdom 53ms (cache miss)
79 silly packumentCache full:https://registry.npmjs.org/jsdom set size:undefined disposed:false
80 silly fetch manifest canvas@^3.0.0
81 silly packumentCache full:https://registry.npmjs.org/canvas cache-miss
82 http fetch GET 200 https://registry.npmjs.org/canvas 42ms (cache miss)
83 silly packumentCache full:https://registry.npmjs.org/canvas set size:undefined disposed:false
84 silly placeDep ROOT @playwright/test@1.59.1 OK for:  want: ^1.58.2
85 silly placeDep ROOT cross-env@10.1.0 OK for:  want: ^10.1.0
86 silly placeDep ROOT esbuild@0.27.7 OK for:  want: ^0.27.3
87 silly placeDep ROOT pnpm@9.15.4 OK for:  want: 9.15.4
88 silly placeDep ROOT typescript@5.9.3 OK for:  want: ^5.7.3
89 silly placeDep ROOT vitest@3.2.4 OK for:  want: ^3.0.5
90 silly fetch manifest playwright@1.59.1
91 silly packumentCache full:https://registry.npmjs.org/playwright cache-miss
92 silly fetch manifest @epic-web/invariant@^1.0.0
93 silly packumentCache full:https://registry.npmjs.org/@epic-web%2finvariant cache-miss
94 silly fetch manifest cross-spawn@^7.0.6
95 silly packumentCache full:https://registry.npmjs.org/cross-spawn cache-miss
96 silly fetch manifest @esbuild/aix-ppc64@0.27.7
97 silly packumentCache full:https://registry.npmjs.org/@esbuild%2faix-ppc64 cache-miss
98 silly fetch manifest @esbuild/linux-arm@0.27.7
99 silly packumentCache full:https://registry.npmjs.org/@esbuild%2flinux-arm cache-miss
100 silly fetch manifest @esbuild/linux-x64@0.27.7
101 silly packumentCache full:https://registry.npmjs.org/@esbuild%2flinux-x64 cache-miss
102 silly fetch manifest @esbuild/sunos-x64@0.27.7
103 silly packumentCache full:https://registry.npmjs.org/@esbuild%2fsunos-x64 cache-miss
104 http cache https://registry.npmjs.org/playwright 51ms (cache hit)
105 silly packumentCache full:https://registry.npmjs.org/playwright set size:16033014 disposed:false
106 silly fetch manifest @esbuild/win32-x64@0.27.7
107 silly packumentCache full:https://registry.npmjs.org/@esbuild%2fwin32-x64 cache-miss
108 http fetch GET 200 https://registry.npmjs.org/@epic-web%2finvariant 167ms (cache miss)
109 silly packumentCache full:https://registry.npmjs.org/@epic-web%2finvariant set size:undefined disposed:false
110 silly fetch manifest @esbuild/darwin-x64@0.27.7
111 silly packumentCache full:https://registry.npmjs.org/@esbuild%2fdarwin-x64 cache-miss
112 http fetch GET 200 https://registry.npmjs.org/cross-spawn 169ms (cache miss)
113 silly packumentCache full:https://registry.npmjs.org/cross-spawn set size:undefined disposed:false
114 silly fetch manifest @esbuild/linux-ia32@0.27.7
115 silly packumentCache full:https://registry.npmjs.org/@esbuild%2flinux-ia32 cache-miss
116 http fetch GET 200 https://registry.npmjs.org/@esbuild%2fwin32-x64 80ms (cache miss)
117 silly packumentCache full:https://registry.npmjs.org/@esbuild%2fwin32-x64 set size:undefined disposed:false
118 silly fetch manifest @esbuild/netbsd-x64@0.27.7
119 silly packumentCache full:https://registry.npmjs.org/@esbuild%2fnetbsd-x64 cache-miss
120 http fetch GET 200 https://registry.npmjs.org/@esbuild%2faix-ppc64 233ms (cache miss)
121 silly packumentCache full:https://registry.npmjs.org/@esbuild%2faix-ppc64 set size:undefined disposed:false
122 silly fetch manifest @esbuild/win32-ia32@0.27.7
123 silly packumentCache full:https://registry.npmjs.org/@esbuild%2fwin32-ia32 cache-miss
124 http fetch GET 200 https://registry.npmjs.org/@esbuild%2fdarwin-x64 70ms (cache miss)
125 silly packumentCache full:https://registry.npmjs.org/@esbuild%2fdarwin-x64 set size:undefined disposed:false
126 silly fetch manifest @esbuild/android-arm@0.27.7
127 silly packumentCache full:https://registry.npmjs.org/@esbuild%2fandroid-arm cache-miss
128 http fetch GET 200 https://registry.npmjs.org/@esbuild%2flinux-arm 241ms (cache miss)
129 silly packumentCache full:https://registry.npmjs.org/@esbuild%2flinux-arm set size:undefined disposed:false
130 silly fetch manifest @esbuild/android-x64@0.27.7
131 silly packumentCache full:https://registry.npmjs.org/@esbuild%2fandroid-x64 cache-miss
132 http fetch GET 200 https://registry.npmjs.org/@esbuild%2flinux-x64 244ms (cache miss)
133 silly packumentCache full:https://registry.npmjs.org/@esbuild%2flinux-x64 set size:undefined disposed:false
134 silly fetch manifest @esbuild/freebsd-x64@0.27.7
135 silly packumentCache full:https://registry.npmjs.org/@esbuild%2ffreebsd-x64 cache-miss
136 http fetch GET 200 https://registry.npmjs.org/@esbuild%2fsunos-x64 248ms (cache miss)
137 silly packumentCache full:https://registry.npmjs.org/@esbuild%2fsunos-x64 set size:undefined disposed:false
138 silly fetch manifest @esbuild/linux-arm64@0.27.7
139 silly packumentCache full:https://registry.npmjs.org/@esbuild%2flinux-arm64 cache-miss
140 http fetch GET 200 https://registry.npmjs.org/@esbuild%2flinux-ia32 99ms (cache miss)
141 silly packumentCache full:https://registry.npmjs.org/@esbuild%2flinux-ia32 set size:undefined disposed:false
142 silly fetch manifest @esbuild/linux-ppc64@0.27.7
143 silly packumentCache full:https://registry.npmjs.org/@esbuild%2flinux-ppc64 cache-miss
144 http fetch GET 200 https://registry.npmjs.org/@esbuild%2fwin32-ia32 46ms (cache miss)
145 silly packumentCache full:https://registry.npmjs.org/@esbuild%2fwin32-ia32 set size:undefined disposed:false
146 silly fetch manifest @esbuild/linux-s390x@0.27.7
147 silly packumentCache full:https://registry.npmjs.org/@esbuild%2flinux-s390x cache-miss
148 http fetch GET 200 https://registry.npmjs.org/@esbuild%2fandroid-x64 44ms (cache miss)
149 silly packumentCache full:https://registry.npmjs.org/@esbuild%2fandroid-x64 set size:undefined disposed:false
150 silly fetch manifest @esbuild/openbsd-x64@0.27.7
151 silly packumentCache full:https://registry.npmjs.org/@esbuild%2fopenbsd-x64 cache-miss
152 http fetch GET 200 https://registry.npmjs.org/@esbuild%2fnetbsd-x64 72ms (cache miss)
153 silly packumentCache full:https://registry.npmjs.org/@esbuild%2fnetbsd-x64 set size:undefined disposed:false
154 silly fetch manifest @esbuild/win32-arm64@0.27.7
155 silly packumentCache full:https://registry.npmjs.org/@esbuild%2fwin32-arm64 cache-miss
156 http fetch GET 200 https://registry.npmjs.org/@esbuild%2fandroid-arm 67ms (cache miss)
157 silly packumentCache full:https://registry.npmjs.org/@esbuild%2fandroid-arm set size:undefined disposed:false
158 silly fetch manifest @esbuild/darwin-arm64@0.27.7
159 silly packumentCache full:https://registry.npmjs.org/@esbuild%2fdarwin-arm64 cache-miss
160 http fetch GET 200 https://registry.npmjs.org/@esbuild%2ffreebsd-x64 70ms (cache miss)
161 silly packumentCache full:https://registry.npmjs.org/@esbuild%2ffreebsd-x64 set size:undefined disposed:false
162 silly fetch manifest @esbuild/netbsd-arm64@0.27.7
163 silly packumentCache full:https://registry.npmjs.org/@esbuild%2fnetbsd-arm64 cache-miss
164 http fetch GET 200 https://registry.npmjs.org/@esbuild%2flinux-ppc64 51ms (cache miss)
165 silly packumentCache full:https://registry.npmjs.org/@esbuild%2flinux-ppc64 set size:undefined disposed:false
166 silly fetch manifest @esbuild/android-arm64@0.27.7
167 silly packumentCache full:https://registry.npmjs.org/@esbuild%2fandroid-arm64 cache-miss
168 http fetch GET 200 https://registry.npmjs.org/@esbuild%2flinux-arm64 79ms (cache miss)
169 silly packumentCache full:https://registry.npmjs.org/@esbuild%2flinux-arm64 set size:undefined disposed:false
170 silly fetch manifest @esbuild/freebsd-arm64@0.27.7
171 silly packumentCache full:https://registry.npmjs.org/@esbuild%2ffreebsd-arm64 cache-miss
172 http fetch GET 200 https://registry.npmjs.org/@esbuild%2flinux-s390x 59ms (cache miss)
173 silly packumentCache full:https://registry.npmjs.org/@esbuild%2flinux-s390x set size:undefined disposed:false
174 silly fetch manifest @esbuild/linux-loong64@0.27.7
175 silly packumentCache full:https://registry.npmjs.org/@esbuild%2flinux-loong64 cache-miss
176 http fetch GET 200 https://registry.npmjs.org/@esbuild%2fopenbsd-x64 57ms (cache miss)
177 silly packumentCache full:https://registry.npmjs.org/@esbuild%2fopenbsd-x64 set size:undefined disposed:false
178 silly fetch manifest @esbuild/linux-riscv64@0.27.7
179 silly packumentCache full:https://registry.npmjs.org/@esbuild%2flinux-riscv64 cache-miss
180 http fetch GET 200 https://registry.npmjs.org/@esbuild%2fdarwin-arm64 44ms (cache miss)
181 silly packumentCache full:https://registry.npmjs.org/@esbuild%2fdarwin-arm64 set size:undefined disposed:false
182 silly fetch manifest @esbuild/openbsd-arm64@0.27.7
183 silly packumentCache full:https://registry.npmjs.org/@esbuild%2fopenbsd-arm64 cache-miss
184 http fetch GET 200 https://registry.npmjs.org/@esbuild%2fwin32-arm64 62ms (cache miss)
185 silly packumentCache full:https://registry.npmjs.org/@esbuild%2fwin32-arm64 set size:undefined disposed:false
186 silly fetch manifest @esbuild/linux-mips64el@0.27.7
187 silly packumentCache full:https://registry.npmjs.org/@esbuild%2flinux-mips64el cache-miss
188 http fetch GET 200 https://registry.npmjs.org/@esbuild%2fandroid-arm64 42ms (cache miss)
189 silly packumentCache full:https://registry.npmjs.org/@esbuild%2fandroid-arm64 set size:undefined disposed:false
190 silly fetch manifest @esbuild/openharmony-arm64@0.27.7
191 silly packumentCache full:https://registry.npmjs.org/@esbuild%2fopenharmony-arm64 cache-miss
192 http fetch GET 200 https://registry.npmjs.org/@esbuild%2fnetbsd-arm64 61ms (cache miss)
193 silly packumentCache full:https://registry.npmjs.org/@esbuild%2fnetbsd-arm64 set size:undefined disposed:false
194 silly fetch manifest chai@^5.2.0
195 silly packumentCache full:https://registry.npmjs.org/chai cache-miss
196 http fetch GET 200 https://registry.npmjs.org/@esbuild%2flinux-loong64 51ms (cache miss)
197 silly packumentCache full:https://registry.npmjs.org/@esbuild%2flinux-loong64 set size:undefined disposed:false
198 silly fetch manifest vite@^5.0.0 || ^6.0.0 || ^7.0.0-0
199 silly packumentCache full:https://registry.npmjs.org/vite cache-miss
200 http fetch GET 200 https://registry.npmjs.org/@esbuild%2flinux-riscv64 51ms (cache miss)
201 silly packumentCache full:https://registry.npmjs.org/@esbuild%2flinux-riscv64 set size:undefined disposed:false
202 silly fetch manifest debug@^4.4.1
203 silly packumentCache full:https://registry.npmjs.org/debug cache-miss
204 http fetch GET 200 https://registry.npmjs.org/@esbuild%2ffreebsd-arm64 69ms (cache miss)
205 silly packumentCache full:https://registry.npmjs.org/@esbuild%2ffreebsd-arm64 set size:undefined disposed:false
206 silly fetch manifest pathe@^2.0.3
207 silly packumentCache full:https://registry.npmjs.org/pathe cache-miss
208 http fetch GET 200 https://registry.npmjs.org/@esbuild%2fopenbsd-arm64 53ms (cache miss)
209 silly packumentCache full:https://registry.npmjs.org/@esbuild%2fopenbsd-arm64 set size:undefined disposed:false
210 silly fetch manifest std-env@^3.9.0
211 silly packumentCache full:https://registry.npmjs.org/std-env cache-miss
212 http fetch GET 200 https://registry.npmjs.org/@esbuild%2fopenharmony-arm64 53ms (cache miss)
213 silly packumentCache full:https://registry.npmjs.org/@esbuild%2fopenharmony-arm64 set size:undefined disposed:false
214 silly fetch manifest tinyexec@^0.3.2
215 silly packumentCache full:https://registry.npmjs.org/tinyexec cache-miss
216 http fetch GET 200 https://registry.npmjs.org/@esbuild%2flinux-mips64el 66ms (cache miss)
217 silly packumentCache full:https://registry.npmjs.org/@esbuild%2flinux-mips64el set size:undefined disposed:false
218 silly fetch manifest tinypool@^1.1.1
219 silly packumentCache full:https://registry.npmjs.org/tinypool cache-miss
220 http fetch GET 200 https://registry.npmjs.org/chai 55ms (cache miss)
221 silly packumentCache full:https://registry.npmjs.org/chai set size:undefined disposed:false
222 silly fetch manifest picomatch@^4.0.2
223 silly packumentCache full:https://registry.npmjs.org/picomatch cache-miss
224 http fetch GET 200 https://registry.npmjs.org/debug 46ms (cache miss)
225 silly packumentCache full:https://registry.npmjs.org/debug set size:undefined disposed:false
226 silly fetch manifest tinybench@^2.9.0
227 silly packumentCache full:https://registry.npmjs.org/tinybench cache-miss
228 http fetch GET 200 https://registry.npmjs.org/pathe 49ms (cache miss)
229 silly packumentCache full:https://registry.npmjs.org/pathe set size:undefined disposed:false
230 silly fetch manifest vite-node@3.2.4
231 silly packumentCache full:https://registry.npmjs.org/vite-node cache-miss
232 http fetch GET 200 https://registry.npmjs.org/std-env 46ms (cache miss)
233 silly packumentCache full:https://registry.npmjs.org/std-env set size:undefined disposed:false
234 silly fetch manifest tinyglobby@^0.2.14
235 silly packumentCache full:https://registry.npmjs.org/tinyglobby cache-miss
236 http fetch GET 200 https://registry.npmjs.org/tinyexec 44ms (cache miss)
237 silly packumentCache full:https://registry.npmjs.org/tinyexec set size:undefined disposed:false
238 silly fetch manifest @types/chai@^5.2.2
239 silly packumentCache full:https://registry.npmjs.org/@types%2fchai cache-miss
240 http fetch GET 200 https://registry.npmjs.org/picomatch 41ms (cache miss)
241 silly packumentCache full:https://registry.npmjs.org/picomatch set size:undefined disposed:false
242 silly fetch manifest @vitest/spy@3.2.4
243 silly packumentCache full:https://registry.npmjs.org/@vitest%2fspy cache-miss
244 http fetch GET 200 https://registry.npmjs.org/tinypool 55ms (cache miss)
245 silly packumentCache full:https://registry.npmjs.org/tinypool set size:undefined disposed:false
246 silly fetch manifest expect-type@^1.2.1
247 silly packumentCache full:https://registry.npmjs.org/expect-type cache-miss
248 http fetch GET 200 https://registry.npmjs.org/tinybench 42ms (cache miss)
249 silly packumentCache full:https://registry.npmjs.org/tinybench set size:undefined disposed:false
250 silly fetch manifest tinyrainbow@^2.0.0
251 silly packumentCache full:https://registry.npmjs.org/tinyrainbow cache-miss
252 http fetch GET 200 https://registry.npmjs.org/tinyglobby 43ms (cache miss)
253 silly packumentCache full:https://registry.npmjs.org/tinyglobby set size:undefined disposed:false
254 silly fetch manifest magic-string@^0.30.17
255 silly packumentCache full:https://registry.npmjs.org/magic-string cache-miss
256 http fetch GET 200 https://registry.npmjs.org/vite-node 78ms (cache miss)
257 silly packumentCache full:https://registry.npmjs.org/vite-node set size:undefined disposed:false
258 silly fetch manifest @vitest/utils@3.2.4
259 silly packumentCache full:https://registry.npmjs.org/@vitest%2futils cache-miss
260 http fetch GET 200 https://registry.npmjs.org/@types%2fchai 71ms (cache miss)
261 silly packumentCache full:https://registry.npmjs.org/@types%2fchai set size:undefined disposed:false
262 silly fetch manifest @vitest/expect@3.2.4
263 silly packumentCache full:https://registry.npmjs.org/@vitest%2fexpect cache-miss
264 http fetch GET 200 https://registry.npmjs.org/tinyrainbow 56ms (cache miss)
265 silly packumentCache full:https://registry.npmjs.org/tinyrainbow set size:undefined disposed:false
266 silly fetch manifest @vitest/mocker@3.2.4
267 silly packumentCache full:https://registry.npmjs.org/@vitest%2fmocker cache-miss
268 http fetch GET 200 https://registry.npmjs.org/expect-type 67ms (cache miss)
269 silly packumentCache full:https://registry.npmjs.org/expect-type set size:undefined disposed:false
270 silly fetch manifest @vitest/runner@3.2.4
271 silly packumentCache full:https://registry.npmjs.org/@vitest%2frunner cache-miss
272 http fetch GET 200 https://registry.npmjs.org/magic-string 59ms (cache miss)
273 silly packumentCache full:https://registry.npmjs.org/magic-string set size:undefined disposed:false
274 silly fetch manifest @vitest/snapshot@3.2.4
275 silly packumentCache full:https://registry.npmjs.org/@vitest%2fsnapshot cache-miss
276 http fetch GET 200 https://registry.npmjs.org/@vitest%2fspy 84ms (cache miss)
277 silly packumentCache full:https://registry.npmjs.org/@vitest%2fspy set size:undefined disposed:false
278 silly fetch manifest why-is-node-running@^2.3.0
279 silly packumentCache full:https://registry.npmjs.org/why-is-node-running cache-miss
280 http fetch GET 200 https://registry.npmjs.org/@vitest%2fmocker 59ms (cache miss)
281 silly packumentCache full:https://registry.npmjs.org/@vitest%2fmocker set size:undefined disposed:false
282 silly fetch manifest @vitest/pretty-format@^3.2.4
283 silly packumentCache full:https://registry.npmjs.org/@vitest%2fpretty-format cache-miss
284 http fetch GET 200 https://registry.npmjs.org/why-is-node-running 50ms (cache miss)
285 silly packumentCache full:https://registry.npmjs.org/why-is-node-running set size:undefined disposed:false
286 http fetch GET 200 https://registry.npmjs.org/@vitest%2futils 83ms (cache miss)
287 silly packumentCache full:https://registry.npmjs.org/@vitest%2futils set size:undefined disposed:false
288 http fetch GET 200 https://registry.npmjs.org/@vitest%2fexpect 85ms (cache miss)
289 silly packumentCache full:https://registry.npmjs.org/@vitest%2fexpect set size:undefined disposed:false
290 http fetch GET 200 https://registry.npmjs.org/@vitest%2frunner 81ms (cache miss)
291 silly packumentCache full:https://registry.npmjs.org/@vitest%2frunner set size:undefined disposed:false
292 http fetch GET 200 https://registry.npmjs.org/@vitest%2fsnapshot 81ms (cache miss)
293 silly packumentCache full:https://registry.npmjs.org/@vitest%2fsnapshot set size:undefined disposed:false
294 http fetch GET 200 https://registry.npmjs.org/@vitest%2fpretty-format 48ms (cache miss)
295 silly packumentCache full:https://registry.npmjs.org/@vitest%2fpretty-format set size:undefined disposed:false
296 http fetch GET 200 https://registry.npmjs.org/vite 661ms (cache miss)
297 silly packumentCache full:https://registry.npmjs.org/vite set size:undefined disposed:false
298 silly placeDep ROOT playwright@1.59.1 OK for: @playwright/test@1.59.1 want: 1.59.1
299 silly fetch manifest playwright-core@1.59.1
300 silly packumentCache full:https://registry.npmjs.org/playwright-core cache-miss
301 silly fetch manifest fsevents@2.3.2
302 silly packumentCache full:https://registry.npmjs.org/fsevents cache-miss
303 http fetch GET 200 https://registry.npmjs.org/fsevents 46ms (cache miss)
304 silly packumentCache full:https://registry.npmjs.org/fsevents set size:undefined disposed:false
305 http fetch GET 200 https://registry.npmjs.org/playwright-core 243ms (cache miss)
306 silly packumentCache full:https://registry.npmjs.org/playwright-core set size:undefined disposed:false
307 silly placeDep ROOT @epic-web/invariant@1.0.0 OK for: cross-env@10.1.0 want: ^1.0.0
308 silly placeDep ROOT cross-spawn@7.0.6 OK for: cross-env@10.1.0 want: ^7.0.6
309 silly fetch manifest which@^2.0.1
310 silly packumentCache full:https://registry.npmjs.org/which cache-miss
311 silly fetch manifest path-key@^3.1.0
312 silly packumentCache full:https://registry.npmjs.org/path-key cache-miss
313 silly fetch manifest shebang-command@^2.0.0
314 silly packumentCache full:https://registry.npmjs.org/shebang-command cache-miss
315 http fetch GET 200 https://registry.npmjs.org/path-key 35ms (cache miss)
316 silly packumentCache full:https://registry.npmjs.org/path-key set size:undefined disposed:false
317 http fetch GET 200 https://registry.npmjs.org/which 46ms (cache miss)
318 silly packumentCache full:https://registry.npmjs.org/which set size:undefined disposed:false
319 http fetch GET 200 https://registry.npmjs.org/shebang-command 48ms (cache miss)
320 silly packumentCache full:https://registry.npmjs.org/shebang-command set size:undefined disposed:false
321 silly placeDep ROOT path-key@3.1.1 OK for: cross-spawn@7.0.6 want: ^3.1.0
322 silly placeDep ROOT shebang-command@2.0.0 OK for: cross-spawn@7.0.6 want: ^2.0.0
323 silly placeDep ROOT which@2.0.2 OK for: cross-spawn@7.0.6 want: ^2.0.1
324 silly fetch manifest shebang-regex@^3.0.0
325 silly packumentCache full:https://registry.npmjs.org/shebang-regex cache-miss
326 silly fetch manifest isexe@^2.0.0
327 silly packumentCache full:https://registry.npmjs.org/isexe cache-miss
328 http fetch GET 200 https://registry.npmjs.org/shebang-regex 37ms (cache miss)
329 silly packumentCache full:https://registry.npmjs.org/shebang-regex set size:undefined disposed:false
330 http fetch GET 200 https://registry.npmjs.org/isexe 37ms (cache miss)
331 silly packumentCache full:https://registry.npmjs.org/isexe set size:undefined disposed:false
332 silly placeDep ROOT @esbuild/aix-ppc64@0.27.7 OK for: esbuild@0.27.7 want: 0.27.7
333 silly placeDep ROOT @esbuild/android-arm@0.27.7 OK for: esbuild@0.27.7 want: 0.27.7
334 silly placeDep ROOT @esbuild/android-arm64@0.27.7 OK for: esbuild@0.27.7 want: 0.27.7
335 silly placeDep ROOT @esbuild/android-x64@0.27.7 OK for: esbuild@0.27.7 want: 0.27.7
336 silly placeDep ROOT @esbuild/darwin-arm64@0.27.7 OK for: esbuild@0.27.7 want: 0.27.7
337 silly placeDep ROOT @esbuild/darwin-x64@0.27.7 OK for: esbuild@0.27.7 want: 0.27.7
338 silly placeDep ROOT @esbuild/freebsd-arm64@0.27.7 OK for: esbuild@0.27.7 want: 0.27.7
339 silly placeDep ROOT @esbuild/freebsd-x64@0.27.7 OK for: esbuild@0.27.7 want: 0.27.7
340 silly placeDep ROOT @esbuild/linux-arm@0.27.7 OK for: esbuild@0.27.7 want: 0.27.7
341 silly placeDep ROOT @esbuild/linux-arm64@0.27.7 OK for: esbuild@0.27.7 want: 0.27.7
342 silly placeDep ROOT @esbuild/linux-ia32@0.27.7 OK for: esbuild@0.27.7 want: 0.27.7
343 silly placeDep ROOT @esbuild/linux-loong64@0.27.7 OK for: esbuild@0.27.7 want: 0.27.7
344 silly placeDep ROOT @esbuild/linux-mips64el@0.27.7 OK for: esbuild@0.27.7 want: 0.27.7
345 silly placeDep ROOT @esbuild/linux-ppc64@0.27.7 OK for: esbuild@0.27.7 want: 0.27.7
346 silly placeDep ROOT @esbuild/linux-riscv64@0.27.7 OK for: esbuild@0.27.7 want: 0.27.7
347 silly placeDep ROOT @esbuild/linux-s390x@0.27.7 OK for: esbuild@0.27.7 want: 0.27.7
348 silly placeDep ROOT @esbuild/linux-x64@0.27.7 OK for: esbuild@0.27.7 want: 0.27.7
349 silly placeDep ROOT @esbuild/netbsd-arm64@0.27.7 OK for: esbuild@0.27.7 want: 0.27.7
350 silly placeDep ROOT @esbuild/netbsd-x64@0.27.7 OK for: esbuild@0.27.7 want: 0.27.7
351 silly placeDep ROOT @esbuild/openbsd-arm64@0.27.7 OK for: esbuild@0.27.7 want: 0.27.7
352 silly placeDep ROOT @esbuild/openbsd-x64@0.27.7 OK for: esbuild@0.27.7 want: 0.27.7
353 silly placeDep ROOT @esbuild/openharmony-arm64@0.27.7 OK for: esbuild@0.27.7 want: 0.27.7
354 silly placeDep ROOT @esbuild/sunos-x64@0.27.7 OK for: esbuild@0.27.7 want: 0.27.7
355 silly placeDep ROOT @esbuild/win32-arm64@0.27.7 OK for: esbuild@0.27.7 want: 0.27.7
356 silly placeDep ROOT @esbuild/win32-ia32@0.27.7 OK for: esbuild@0.27.7 want: 0.27.7
357 silly placeDep ROOT @esbuild/win32-x64@0.27.7 OK for: esbuild@0.27.7 want: 0.27.7
358 silly placeDep ROOT fsevents@2.3.2 OK for: playwright@1.59.1 want: 2.3.2
359 silly placeDep ROOT playwright-core@1.59.1 OK for: playwright@1.59.1 want: 1.59.1
360 silly placeDep ROOT shebang-regex@3.0.0 OK for: shebang-command@2.0.0 want: ^3.0.0
361 silly fetch manifest jiti@>=1.21.0
362 silly packumentCache full:https://registry.npmjs.org/jiti cache-miss
363 http fetch GET 200 https://registry.npmjs.org/jiti 41ms (cache miss)
364 silly packumentCache full:https://registry.npmjs.org/jiti set size:undefined disposed:false
365 silly fetch manifest less@^4.0.0
366 silly packumentCache full:https://registry.npmjs.org/less cache-miss
367 http fetch GET 200 https://registry.npmjs.org/less 47ms (cache miss)
368 silly packumentCache full:https://registry.npmjs.org/less set size:undefined disposed:false
369 silly fetch manifest lightningcss@^1.21.0
370 silly packumentCache full:https://registry.npmjs.org/lightningcss cache-miss
371 http fetch GET 200 https://registry.npmjs.org/lightningcss 41ms (cache miss)
372 silly packumentCache full:https://registry.npmjs.org/lightningcss set size:undefined disposed:false
373 silly fetch manifest sass@^1.70.0
374 silly packumentCache full:https://registry.npmjs.org/sass cache-miss
375 http fetch GET 200 https://registry.npmjs.org/sass 52ms (cache miss)
376 silly packumentCache full:https://registry.npmjs.org/sass set size:undefined disposed:false
377 silly fetch manifest sass-embedded@^1.70.0
378 silly packumentCache full:https://registry.npmjs.org/sass-embedded cache-miss
379 http fetch GET 200 https://registry.npmjs.org/sass-embedded 53ms (cache miss)
380 silly packumentCache full:https://registry.npmjs.org/sass-embedded set size:undefined disposed:false
381 silly fetch manifest stylus@>=0.54.8
382 silly packumentCache full:https://registry.npmjs.org/stylus cache-miss
383 http fetch GET 200 https://registry.npmjs.org/stylus 45ms (cache miss)
384 silly packumentCache full:https://registry.npmjs.org/stylus set size:undefined disposed:false
385 silly fetch manifest sugarss@^5.0.0
386 silly packumentCache full:https://registry.npmjs.org/sugarss cache-miss
387 http fetch GET 200 https://registry.npmjs.org/sugarss 35ms (cache miss)
388 silly packumentCache full:https://registry.npmjs.org/sugarss set size:undefined disposed:false
389 silly fetch manifest postcss@^8.3.3
390 silly packumentCache full:https://registry.npmjs.org/postcss cache-miss
391 http fetch GET 200 https://registry.npmjs.org/postcss 43ms (cache miss)
392 silly packumentCache full:https://registry.npmjs.org/postcss set size:undefined disposed:false
393 silly fetch manifest terser@^5.16.0
394 silly packumentCache full:https://registry.npmjs.org/terser cache-miss
395 http fetch GET 200 https://registry.npmjs.org/terser 47ms (cache miss)
396 silly packumentCache full:https://registry.npmjs.org/terser set size:undefined disposed:false
397 silly fetch manifest tsx@^4.8.1
398 silly packumentCache full:https://registry.npmjs.org/tsx cache-miss
399 http fetch GET 200 https://registry.npmjs.org/tsx 36ms (cache miss)
400 silly packumentCache full:https://registry.npmjs.org/tsx set size:undefined disposed:false
401 silly fetch manifest yaml@^2.4.2
402 silly packumentCache full:https://registry.npmjs.org/yaml cache-miss
403 http fetch GET 200 https://registry.npmjs.org/yaml 43ms (cache miss)
404 silly packumentCache full:https://registry.npmjs.org/yaml set size:undefined disposed:false
405 silly fetch manifest msw@^2.4.9
406 silly packumentCache full:https://registry.npmjs.org/msw cache-miss
407 http fetch GET 200 https://registry.npmjs.org/msw 57ms (cache miss)
408 silly packumentCache full:https://registry.npmjs.org/msw set size:undefined disposed:false
409 silly fetch manifest typescript@>= 4.8.x
410 silly packumentCache full:https://registry.npmjs.org/typescript cache-miss
411 http cache https://registry.npmjs.org/typescript 31ms (cache hit)
412 silly packumentCache full:https://registry.npmjs.org/typescript set size:15399465 disposed:false
413 silly placeDep ROOT @types/chai@5.2.3 OK for: vitest@3.2.4 want: ^5.2.2
414 silly placeDep ROOT @vitest/expect@3.2.4 OK for: vitest@3.2.4 want: 3.2.4
415 silly placeDep ROOT @vitest/mocker@3.2.4 OK for: vitest@3.2.4 want: 3.2.4
416 silly placeDep ROOT @vitest/pretty-format@3.2.4 OK for: vitest@3.2.4 want: ^3.2.4
417 silly placeDep ROOT @vitest/runner@3.2.4 OK for: vitest@3.2.4 want: 3.2.4
418 silly placeDep ROOT @vitest/snapshot@3.2.4 OK for: vitest@3.2.4 want: 3.2.4
419 silly placeDep ROOT @vitest/spy@3.2.4 OK for: vitest@3.2.4 want: 3.2.4
420 silly placeDep ROOT @vitest/utils@3.2.4 OK for: vitest@3.2.4 want: 3.2.4
421 silly placeDep ROOT chai@5.3.3 OK for: vitest@3.2.4 want: ^5.2.0
422 silly placeDep ROOT debug@4.4.3 OK for: vitest@3.2.4 want: ^4.4.1
423 silly placeDep ROOT expect-type@1.3.0 OK for: vitest@3.2.4 want: ^1.2.1
424 silly placeDep ROOT magic-string@0.30.21 OK for: vitest@3.2.4 want: ^0.30.17
425 silly placeDep ROOT pathe@2.0.3 OK for: vitest@3.2.4 want: ^2.0.3
426 silly placeDep ROOT picomatch@4.0.4 OK for: vitest@3.2.4 want: ^4.0.2
427 silly placeDep ROOT std-env@3.10.0 OK for: vitest@3.2.4 want: ^3.9.0
428 silly placeDep ROOT tinybench@2.9.0 OK for: vitest@3.2.4 want: ^2.9.0
429 silly placeDep ROOT tinyexec@0.3.2 OK for: vitest@3.2.4 want: ^0.3.2
430 silly placeDep ROOT tinyglobby@0.2.15 OK for: vitest@3.2.4 want: ^0.2.14
431 silly placeDep ROOT tinypool@1.1.1 OK for: vitest@3.2.4 want: ^1.1.1
432 silly placeDep ROOT tinyrainbow@2.0.0 OK for: vitest@3.2.4 want: ^2.0.0
433 silly placeDep ROOT vite@7.3.2 OK for: vitest@3.2.4 want: ^5.0.0 || ^6.0.0 || ^7.0.0-0
434 silly placeDep ROOT vite-node@3.2.4 OK for: vitest@3.2.4 want: 3.2.4
435 silly placeDep ROOT why-is-node-running@2.3.0 OK for: vitest@3.2.4 want: ^2.3.0
436 silly fetch manifest @types/deep-eql@*
437 silly packumentCache full:https://registry.npmjs.org/@types%2fdeep-eql cache-miss
438 silly fetch manifest assertion-error@^2.0.1
439 silly packumentCache full:https://registry.npmjs.org/assertion-error cache-miss
440 silly fetch manifest estree-walker@^3.0.3
441 silly packumentCache full:https://registry.npmjs.org/estree-walker cache-miss
442 silly fetch manifest strip-literal@^3.0.0
443 silly packumentCache full:https://registry.npmjs.org/strip-literal cache-miss
444 silly fetch manifest tinyspy@^4.0.3
445 silly packumentCache full:https://registry.npmjs.org/tinyspy cache-miss
446 silly fetch manifest loupe@^3.1.4
447 silly packumentCache full:https://registry.npmjs.org/loupe cache-miss
448 silly fetch manifest loupe@^3.1.0
449 silly packumentCache full:https://registry.npmjs.org/loupe cache-miss
450 http fetch GET 200 https://registry.npmjs.org/strip-literal 51ms (cache miss)
451 silly packumentCache full:https://registry.npmjs.org/strip-literal set size:undefined disposed:false
452 silly fetch manifest pathval@^2.0.0
453 silly packumentCache full:https://registry.npmjs.org/pathval cache-miss
454 http fetch GET 200 https://registry.npmjs.org/assertion-error 54ms (cache miss)
455 silly packumentCache full:https://registry.npmjs.org/assertion-error set size:undefined disposed:false
456 silly fetch manifest deep-eql@^5.0.1
457 silly packumentCache full:https://registry.npmjs.org/deep-eql cache-miss
458 http fetch GET 200 https://registry.npmjs.org/@types%2fdeep-eql 58ms (cache miss)
459 silly packumentCache full:https://registry.npmjs.org/@types%2fdeep-eql set size:undefined disposed:false
460 silly fetch manifest check-error@^2.1.1
461 silly packumentCache full:https://registry.npmjs.org/check-error cache-miss
462 http fetch GET 200 https://registry.npmjs.org/estree-walker 60ms (cache miss)
463 silly packumentCache full:https://registry.npmjs.org/estree-walker set size:undefined disposed:false
464 silly fetch manifest ms@^2.1.3
465 silly packumentCache full:https://registry.npmjs.org/ms cache-miss
466 http fetch GET 200 https://registry.npmjs.org/tinyspy 62ms (cache miss)
467 silly packumentCache full:https://registry.npmjs.org/tinyspy set size:undefined disposed:false
468 silly fetch manifest @jridgewell/sourcemap-codec@^1.5.5
469 silly packumentCache full:https://registry.npmjs.org/@jridgewell%2fsourcemap-codec cache-miss
470 http fetch GET 200 https://registry.npmjs.org/loupe 65ms (cache miss)
471 silly packumentCache full:https://registry.npmjs.org/loupe set size:undefined disposed:false
472 silly fetch manifest fdir@^6.5.0
473 silly packumentCache full:https://registry.npmjs.org/fdir cache-miss
474 http fetch GET 200 https://registry.npmjs.org/loupe 69ms (cache miss)
475 silly packumentCache full:https://registry.npmjs.org/loupe set size:undefined disposed:false
476 silly fetch manifest fdir@^6.5.0
477 silly packumentCache full:https://registry.npmjs.org/fdir cache-miss
478 http fetch GET 200 https://registry.npmjs.org/pathval 84ms (cache miss)
479 silly packumentCache full:https://registry.npmjs.org/pathval set size:undefined disposed:false
480 silly fetch manifest rollup@^4.43.0
481 silly packumentCache full:https://registry.npmjs.org/rollup cache-miss
482 http fetch GET 200 https://registry.npmjs.org/deep-eql 85ms (cache miss)
483 silly packumentCache full:https://registry.npmjs.org/deep-eql set size:undefined disposed:false
484 silly fetch manifest postcss@^8.5.6
485 silly packumentCache full:https://registry.npmjs.org/postcss cache-miss
486 http fetch GET 200 https://registry.npmjs.org/check-error 86ms (cache miss)
487 silly packumentCache full:https://registry.npmjs.org/check-error set size:undefined disposed:false
488 silly fetch manifest fsevents@~2.3.3
489 silly packumentCache full:https://registry.npmjs.org/fsevents cache-miss
490 http fetch GET 200 https://registry.npmjs.org/ms 83ms (cache miss)
491 silly packumentCache full:https://registry.npmjs.org/ms set size:undefined disposed:false
492 silly fetch manifest cac@^6.7.14
493 silly packumentCache full:https://registry.npmjs.org/cac cache-miss
494 http fetch GET 200 https://registry.npmjs.org/@jridgewell%2fsourcemap-codec 84ms (cache miss)
495 silly packumentCache full:https://registry.npmjs.org/@jridgewell%2fsourcemap-codec set size:undefined disposed:false
496 silly fetch manifest es-module-lexer@^1.7.0
497 silly packumentCache full:https://registry.npmjs.org/es-module-lexer cache-miss
498 http cache https://registry.npmjs.org/fsevents 9ms (cache hit)
499 silly packumentCache full:https://registry.npmjs.org/fsevents set size:182472 disposed:false
500 silly fetch manifest siginfo@^2.0.0
501 silly packumentCache full:https://registry.npmjs.org/siginfo cache-miss
502 http cache https://registry.npmjs.org/postcss 15ms (cache hit)
503 silly packumentCache full:https://registry.npmjs.org/postcss set size:702266 disposed:false
504 silly fetch manifest stackback@0.0.2
505 silly packumentCache full:https://registry.npmjs.org/stackback cache-miss
506 http fetch GET 200 https://registry.npmjs.org/fdir 91ms (cache miss)
507 silly packumentCache full:https://registry.npmjs.org/fdir set size:undefined disposed:false
508 http fetch GET 200 https://registry.npmjs.org/fdir 96ms (cache miss)
509 silly packumentCache full:https://registry.npmjs.org/fdir set size:undefined disposed:false
510 http fetch GET 200 https://registry.npmjs.org/cac 46ms (cache miss)
511 silly packumentCache full:https://registry.npmjs.org/cac set size:undefined disposed:false
512 http fetch GET 200 https://registry.npmjs.org/siginfo 47ms (cache miss)
513 silly packumentCache full:https://registry.npmjs.org/siginfo set size:undefined disposed:false
514 http fetch GET 200 https://registry.npmjs.org/stackback 41ms (cache miss)
515 silly packumentCache full:https://registry.npmjs.org/stackback set size:undefined disposed:false
516 http fetch GET 200 https://registry.npmjs.org/es-module-lexer 63ms (cache miss)
517 silly packumentCache full:https://registry.npmjs.org/es-module-lexer set size:undefined disposed:false
518 http fetch GET 200 https://registry.npmjs.org/rollup 95ms (cache miss)
519 silly packumentCache full:https://registry.npmjs.org/rollup set size:undefined disposed:false
520 silly placeDep ROOT @types/deep-eql@4.0.2 OK for: @types/chai@5.2.3 want: *
521 silly placeDep ROOT assertion-error@2.0.1 OK for: @types/chai@5.2.3 want: ^2.0.1
522 silly placeDep ROOT estree-walker@3.0.3 OK for: @vitest/mocker@3.2.4 want: ^3.0.3
523 silly fetch manifest @types/estree@^1.0.0
524 silly packumentCache full:https://registry.npmjs.org/@types%2festree cache-miss
525 http fetch GET 200 https://registry.npmjs.org/@types%2festree 40ms (cache miss)
526 silly packumentCache full:https://registry.npmjs.org/@types%2festree set size:undefined disposed:false
527 silly placeDep ROOT strip-literal@3.1.0 OK for: @vitest/runner@3.2.4 want: ^3.0.0
528 silly fetch manifest js-tokens@^9.0.1
529 silly packumentCache full:https://registry.npmjs.org/js-tokens cache-miss
530 http fetch GET 200 https://registry.npmjs.org/js-tokens 54ms (cache miss)
531 silly packumentCache full:https://registry.npmjs.org/js-tokens set size:undefined disposed:false
532 silly placeDep ROOT tinyspy@4.0.4 OK for: @vitest/spy@3.2.4 want: ^4.0.3
533 silly placeDep ROOT loupe@3.2.1 OK for: @vitest/utils@3.2.4 want: ^3.1.4
534 silly placeDep ROOT check-error@2.1.3 OK for: chai@5.3.3 want: ^2.1.1
535 silly placeDep ROOT deep-eql@5.0.2 OK for: chai@5.3.3 want: ^5.0.1
536 silly placeDep ROOT pathval@2.0.1 OK for: chai@5.3.3 want: ^2.0.0
537 silly placeDep ROOT ms@2.1.3 OK for: debug@4.4.3 want: ^2.1.3
538 silly placeDep ROOT @types/estree@1.0.8 OK for: estree-walker@3.0.3 want: ^1.0.0
539 silly placeDep ROOT @jridgewell/sourcemap-codec@1.5.5 OK for: magic-string@0.30.21 want: ^1.5.5
540 silly placeDep ROOT js-tokens@9.0.1 OK for: strip-literal@3.1.0 want: ^9.0.1
541 silly fetch manifest picomatch@^4.0.3
542 silly packumentCache full:https://registry.npmjs.org/picomatch cache-miss
543 http cache https://registry.npmjs.org/picomatch 3ms (cache hit)
544 silly packumentCache full:https://registry.npmjs.org/picomatch set size:126376 disposed:false
545 silly placeDep ROOT fdir@6.5.0 OK for: tinyglobby@0.2.15 want: ^6.5.0
546 silly placeDep node_modules/vite fsevents@2.3.3 OK for: vite@7.3.2 want: ~2.3.3
547 silly placeDep ROOT postcss@8.5.8 OK for: vite@7.3.2 want: ^8.5.6
548 silly placeDep ROOT rollup@4.60.1 OK for: vite@7.3.2 want: ^4.43.0
549 silly fetch manifest nanoid@^3.3.11
550 silly packumentCache full:https://registry.npmjs.org/nanoid cache-miss
551 silly fetch manifest picocolors@^1.1.1
552 silly packumentCache full:https://registry.npmjs.org/picocolors cache-miss
553 silly fetch manifest source-map-js@^1.2.1
554 silly packumentCache full:https://registry.npmjs.org/source-map-js cache-miss
555 silly fetch manifest @rollup/rollup-darwin-arm64@4.60.1
556 silly packumentCache full:https://registry.npmjs.org/@rollup%2frollup-darwin-arm64 cache-miss
557 silly fetch manifest @rollup/rollup-android-arm64@4.60.1
558 silly packumentCache full:https://registry.npmjs.org/@rollup%2frollup-android-arm64 cache-miss
559 silly fetch manifest @rollup/rollup-win32-arm64-msvc@4.60.1
560 silly packumentCache full:https://registry.npmjs.org/@rollup%2frollup-win32-arm64-msvc cache-miss
561 silly fetch manifest @rollup/rollup-freebsd-arm64@4.60.1
562 silly packumentCache full:https://registry.npmjs.org/@rollup%2frollup-freebsd-arm64 cache-miss
563 http fetch GET 200 https://registry.npmjs.org/picocolors 40ms (cache miss)
564 silly packumentCache full:https://registry.npmjs.org/picocolors set size:undefined disposed:false
565 silly fetch manifest @rollup/rollup-linux-arm64-gnu@4.60.1
566 silly packumentCache full:https://registry.npmjs.org/@rollup%2frollup-linux-arm64-gnu cache-miss
567 http fetch GET 200 https://registry.npmjs.org/nanoid 49ms (cache miss)
568 silly packumentCache full:https://registry.npmjs.org/nanoid set size:undefined disposed:false
569 silly fetch manifest @rollup/rollup-linux-arm64-musl@4.60.1
570 silly packumentCache full:https://registry.npmjs.org/@rollup%2frollup-linux-arm64-musl cache-miss
571 http fetch GET 200 https://registry.npmjs.org/source-map-js 57ms (cache miss)
572 silly packumentCache full:https://registry.npmjs.org/source-map-js set size:undefined disposed:false
573 silly fetch manifest @rollup/rollup-android-arm-eabi@4.60.1
574 silly packumentCache full:https://registry.npmjs.org/@rollup%2frollup-android-arm-eabi cache-miss
575 http fetch GET 200 https://registry.npmjs.org/@rollup%2frollup-win32-arm64-msvc 58ms (cache miss)
576 silly packumentCache full:https://registry.npmjs.org/@rollup%2frollup-win32-arm64-msvc set size:undefined disposed:false
577 silly fetch manifest @rollup/rollup-linux-arm-gnueabihf@4.60.1
578 silly packumentCache full:https://registry.npmjs.org/@rollup%2frollup-linux-arm-gnueabihf cache-miss
579 http fetch GET 200 https://registry.npmjs.org/@rollup%2frollup-android-arm64 64ms (cache miss)
580 silly packumentCache full:https://registry.npmjs.org/@rollup%2frollup-android-arm64 set size:undefined disposed:false
581 silly fetch manifest @rollup/rollup-linux-arm-musleabihf@4.60.1
582 silly packumentCache full:https://registry.npmjs.org/@rollup%2frollup-linux-arm-musleabihf cache-miss
583 http fetch GET 200 https://registry.npmjs.org/@rollup%2frollup-darwin-arm64 71ms (cache miss)
584 silly packumentCache full:https://registry.npmjs.org/@rollup%2frollup-darwin-arm64 set size:undefined disposed:false
585 silly fetch manifest @rollup/rollup-win32-ia32-msvc@4.60.1
586 silly packumentCache full:https://registry.npmjs.org/@rollup%2frollup-win32-ia32-msvc cache-miss
587 http fetch GET 200 https://registry.npmjs.org/@rollup%2frollup-freebsd-arm64 76ms (cache miss)
588 silly packumentCache full:https://registry.npmjs.org/@rollup%2frollup-freebsd-arm64 set size:undefined disposed:false
589 silly fetch manifest @rollup/rollup-linux-loong64-gnu@4.60.1
590 silly packumentCache full:https://registry.npmjs.org/@rollup%2frollup-linux-loong64-gnu cache-miss
591 http fetch GET 200 https://registry.npmjs.org/@rollup%2frollup-android-arm-eabi 58ms (cache miss)
592 silly packumentCache full:https://registry.npmjs.org/@rollup%2frollup-android-arm-eabi set size:undefined disposed:false
593 silly fetch manifest @rollup/rollup-linux-loong64-musl@4.60.1
594 silly packumentCache full:https://registry.npmjs.org/@rollup%2frollup-linux-loong64-musl cache-miss
595 http fetch GET 200 https://registry.npmjs.org/@rollup%2frollup-linux-arm-musleabihf 57ms (cache miss)
596 silly packumentCache full:https://registry.npmjs.org/@rollup%2frollup-linux-arm-musleabihf set size:undefined disposed:false
597 silly fetch manifest @rollup/rollup-linux-riscv64-gnu@4.60.1
598 silly packumentCache full:https://registry.npmjs.org/@rollup%2frollup-linux-riscv64-gnu cache-miss
599 http fetch GET 200 https://registry.npmjs.org/@rollup%2frollup-win32-ia32-msvc 54ms (cache miss)
600 silly packumentCache full:https://registry.npmjs.org/@rollup%2frollup-win32-ia32-msvc set size:undefined disposed:false
601 silly fetch manifest @rollup/rollup-linux-riscv64-musl@4.60.1
602 silly packumentCache full:https://registry.npmjs.org/@rollup%2frollup-linux-riscv64-musl cache-miss
603 http fetch GET 200 https://registry.npmjs.org/@rollup%2frollup-linux-loong64-gnu 56ms (cache miss)
604 silly packumentCache full:https://registry.npmjs.org/@rollup%2frollup-linux-loong64-gnu set size:undefined disposed:false
605 silly fetch manifest @rollup/rollup-linux-ppc64-gnu@4.60.1
606 silly packumentCache full:https://registry.npmjs.org/@rollup%2frollup-linux-ppc64-gnu cache-miss
607 http fetch GET 200 https://registry.npmjs.org/@rollup%2frollup-linux-arm-gnueabihf 84ms (cache miss)
608 silly packumentCache full:https://registry.npmjs.org/@rollup%2frollup-linux-arm-gnueabihf set size:undefined disposed:false
609 silly fetch manifest @rollup/rollup-linux-ppc64-musl@4.60.1
610 silly packumentCache full:https://registry.npmjs.org/@rollup%2frollup-linux-ppc64-musl cache-miss
611 http fetch GET 200 https://registry.npmjs.org/@rollup%2frollup-linux-loong64-musl 48ms (cache miss)
612 silly packumentCache full:https://registry.npmjs.org/@rollup%2frollup-linux-loong64-musl set size:undefined disposed:false
613 silly fetch manifest @rollup/rollup-linux-s390x-gnu@4.60.1
614 silly packumentCache full:https://registry.npmjs.org/@rollup%2frollup-linux-s390x-gnu cache-miss
615 http fetch GET 200 https://registry.npmjs.org/@rollup%2frollup-linux-riscv64-musl 52ms (cache miss)
616 silly packumentCache full:https://registry.npmjs.org/@rollup%2frollup-linux-riscv64-musl set size:undefined disposed:false
617 silly fetch manifest @rollup/rollup-darwin-x64@4.60.1
618 silly packumentCache full:https://registry.npmjs.org/@rollup%2frollup-darwin-x64 cache-miss
619 http fetch GET 200 https://registry.npmjs.org/@rollup%2frollup-linux-ppc64-gnu 58ms (cache miss)
620 silly packumentCache full:https://registry.npmjs.org/@rollup%2frollup-linux-ppc64-gnu set size:undefined disposed:false
621 silly fetch manifest @rollup/rollup-win32-x64-gnu@4.60.1
622 silly packumentCache full:https://registry.npmjs.org/@rollup%2frollup-win32-x64-gnu cache-miss
623 http fetch GET 200 https://registry.npmjs.org/@rollup%2frollup-linux-ppc64-musl 54ms (cache miss)
624 silly packumentCache full:https://registry.npmjs.org/@rollup%2frollup-linux-ppc64-musl set size:undefined disposed:false
625 silly fetch manifest @rollup/rollup-win32-x64-msvc@4.60.1
626 silly packumentCache full:https://registry.npmjs.org/@rollup%2frollup-win32-x64-msvc cache-miss
627 http fetch GET 200 https://registry.npmjs.org/@rollup%2frollup-linux-s390x-gnu 45ms (cache miss)
628 silly packumentCache full:https://registry.npmjs.org/@rollup%2frollup-linux-s390x-gnu set size:undefined disposed:false
629 silly fetch manifest @rollup/rollup-freebsd-x64@4.60.1
630 silly packumentCache full:https://registry.npmjs.org/@rollup%2frollup-freebsd-x64 cache-miss
631 http fetch GET 200 https://registry.npmjs.org/@rollup%2frollup-darwin-x64 53ms (cache miss)
632 silly packumentCache full:https://registry.npmjs.org/@rollup%2frollup-darwin-x64 set size:undefined disposed:false
633 silly fetch manifest @rollup/rollup-linux-x64-gnu@4.60.1
634 silly packumentCache full:https://registry.npmjs.org/@rollup%2frollup-linux-x64-gnu cache-miss
635 http fetch GET 200 https://registry.npmjs.org/@rollup%2frollup-linux-arm64-gnu 202ms (cache miss)
636 silly packumentCache full:https://registry.npmjs.org/@rollup%2frollup-linux-arm64-gnu set size:undefined disposed:false
637 silly fetch manifest @rollup/rollup-linux-x64-musl@4.60.1
638 silly packumentCache full:https://registry.npmjs.org/@rollup%2frollup-linux-x64-musl cache-miss
639 http fetch GET 200 https://registry.npmjs.org/@rollup%2frollup-win32-x64-gnu 64ms (cache miss)
640 silly packumentCache full:https://registry.npmjs.org/@rollup%2frollup-win32-x64-gnu set size:undefined disposed:false
641 silly fetch manifest @rollup/rollup-openbsd-x64@4.60.1
642 silly packumentCache full:https://registry.npmjs.org/@rollup%2frollup-openbsd-x64 cache-miss
643 http fetch GET 200 https://registry.npmjs.org/@rollup%2frollup-freebsd-x64 47ms (cache miss)
644 silly packumentCache full:https://registry.npmjs.org/@rollup%2frollup-freebsd-x64 set size:undefined disposed:false
645 silly fetch manifest @rollup/rollup-openharmony-arm64@4.60.1
646 silly packumentCache full:https://registry.npmjs.org/@rollup%2frollup-openharmony-arm64 cache-miss
647 http fetch GET 200 https://registry.npmjs.org/@rollup%2frollup-openharmony-arm64 47ms (cache miss)
648 silly packumentCache full:https://registry.npmjs.org/@rollup%2frollup-openharmony-arm64 set size:undefined disposed:false
649 http fetch GET 200 https://registry.npmjs.org/@rollup%2frollup-openbsd-x64 62ms (cache miss)
650 silly packumentCache full:https://registry.npmjs.org/@rollup%2frollup-openbsd-x64 set size:undefined disposed:false
651 http fetch GET 200 https://registry.npmjs.org/@rollup%2frollup-linux-x64-gnu 183ms (cache miss)
652 silly packumentCache full:https://registry.npmjs.org/@rollup%2frollup-linux-x64-gnu set size:undefined disposed:false
653 http fetch GET 200 https://registry.npmjs.org/@rollup%2frollup-linux-arm64-musl 472ms (cache miss)
654 silly packumentCache full:https://registry.npmjs.org/@rollup%2frollup-linux-arm64-musl set size:undefined disposed:false
655 http fetch GET 200 https://registry.npmjs.org/@rollup%2frollup-win32-x64-msvc 339ms (cache miss)
656 silly packumentCache full:https://registry.npmjs.org/@rollup%2frollup-win32-x64-msvc set size:undefined disposed:false
657 http fetch GET 200 https://registry.npmjs.org/@rollup%2frollup-linux-riscv64-gnu 468ms (cache miss)
658 silly packumentCache full:https://registry.npmjs.org/@rollup%2frollup-linux-riscv64-gnu set size:undefined disposed:false
659 http fetch GET 200 https://registry.npmjs.org/@rollup%2frollup-linux-x64-musl 507ms (cache miss)
660 silly packumentCache full:https://registry.npmjs.org/@rollup%2frollup-linux-x64-musl set size:undefined disposed:false
661 silly placeDep ROOT nanoid@3.3.11 OK for: postcss@8.5.8 want: ^3.3.11
662 silly placeDep ROOT picocolors@1.1.1 OK for: postcss@8.5.8 want: ^1.1.1
663 silly placeDep ROOT source-map-js@1.2.1 OK for: postcss@8.5.8 want: ^1.2.1
664 silly placeDep ROOT @rollup/rollup-android-arm-eabi@4.60.1 OK for: rollup@4.60.1 want: 4.60.1
665 silly placeDep ROOT @rollup/rollup-android-arm64@4.60.1 OK for: rollup@4.60.1 want: 4.60.1
666 silly placeDep ROOT @rollup/rollup-darwin-arm64@4.60.1 OK for: rollup@4.60.1 want: 4.60.1
667 silly placeDep ROOT @rollup/rollup-darwin-x64@4.60.1 OK for: rollup@4.60.1 want: 4.60.1
668 silly placeDep ROOT @rollup/rollup-freebsd-arm64@4.60.1 OK for: rollup@4.60.1 want: 4.60.1
669 silly placeDep ROOT @rollup/rollup-freebsd-x64@4.60.1 OK for: rollup@4.60.1 want: 4.60.1
670 silly placeDep ROOT @rollup/rollup-linux-arm-gnueabihf@4.60.1 OK for: rollup@4.60.1 want: 4.60.1
671 silly placeDep ROOT @rollup/rollup-linux-arm-musleabihf@4.60.1 OK for: rollup@4.60.1 want: 4.60.1
672 silly placeDep ROOT @rollup/rollup-linux-arm64-gnu@4.60.1 OK for: rollup@4.60.1 want: 4.60.1
673 silly placeDep ROOT @rollup/rollup-linux-arm64-musl@4.60.1 OK for: rollup@4.60.1 want: 4.60.1
674 silly placeDep ROOT @rollup/rollup-linux-loong64-gnu@4.60.1 OK for: rollup@4.60.1 want: 4.60.1
675 silly placeDep ROOT @rollup/rollup-linux-loong64-musl@4.60.1 OK for: rollup@4.60.1 want: 4.60.1
676 silly placeDep ROOT @rollup/rollup-linux-ppc64-gnu@4.60.1 OK for: rollup@4.60.1 want: 4.60.1
677 silly placeDep ROOT @rollup/rollup-linux-ppc64-musl@4.60.1 OK for: rollup@4.60.1 want: 4.60.1
678 silly placeDep ROOT @rollup/rollup-linux-riscv64-gnu@4.60.1 OK for: rollup@4.60.1 want: 4.60.1
679 silly placeDep ROOT @rollup/rollup-linux-riscv64-musl@4.60.1 OK for: rollup@4.60.1 want: 4.60.1
680 silly placeDep ROOT @rollup/rollup-linux-s390x-gnu@4.60.1 OK for: rollup@4.60.1 want: 4.60.1
681 silly placeDep ROOT @rollup/rollup-linux-x64-gnu@4.60.1 OK for: rollup@4.60.1 want: 4.60.1
682 silly placeDep ROOT @rollup/rollup-linux-x64-musl@4.60.1 OK for: rollup@4.60.1 want: 4.60.1
683 silly placeDep ROOT @rollup/rollup-openbsd-x64@4.60.1 OK for: rollup@4.60.1 want: 4.60.1
684 silly placeDep ROOT @rollup/rollup-openharmony-arm64@4.60.1 OK for: rollup@4.60.1 want: 4.60.1
685 silly placeDep ROOT @rollup/rollup-win32-arm64-msvc@4.60.1 OK for: rollup@4.60.1 want: 4.60.1
686 silly placeDep ROOT @rollup/rollup-win32-ia32-msvc@4.60.1 OK for: rollup@4.60.1 want: 4.60.1
687 silly placeDep ROOT @rollup/rollup-win32-x64-gnu@4.60.1 OK for: rollup@4.60.1 want: 4.60.1
688 silly placeDep ROOT @rollup/rollup-win32-x64-msvc@4.60.1 OK for: rollup@4.60.1 want: 4.60.1
689 silly placeDep ROOT cac@6.7.14 OK for: vite-node@3.2.4 want: ^6.7.14
690 silly placeDep ROOT es-module-lexer@1.7.0 OK for: vite-node@3.2.4 want: ^1.7.0
691 silly placeDep ROOT isexe@2.0.0 OK for: which@2.0.2 want: ^2.0.0
692 silly placeDep ROOT siginfo@2.0.0 OK for: why-is-node-running@2.3.0 want: ^2.0.0
693 silly placeDep ROOT stackback@0.0.2 OK for: why-is-node-running@2.3.0 want: 0.0.2
694 silly reify moves {}
695 silly audit bulk request {
695 silly audit   '@playwright/test': [ '1.59.1' ],
695 silly audit   'cross-env': [ '10.1.0' ],
695 silly audit   esbuild: [ '0.27.7' ],
695 silly audit   pnpm: [ '9.15.4' ],
695 silly audit   typescript: [ '5.9.3' ],
695 silly audit   vitest: [ '3.2.4' ],
695 silly audit   playwright: [ '1.59.1' ],
695 silly audit   '@epic-web/invariant': [ '1.0.0' ],
695 silly audit   'cross-spawn': [ '7.0.6' ],
695 silly audit   'path-key': [ '3.1.1' ],
695 silly audit   'shebang-command': [ '2.0.0' ],
695 silly audit   which: [ '2.0.2' ],
695 silly audit   '@esbuild/aix-ppc64': [ '0.27.7' ],
695 silly audit   '@esbuild/android-arm': [ '0.27.7' ],
695 silly audit   '@esbuild/android-arm64': [ '0.27.7' ],
695 silly audit   '@esbuild/android-x64': [ '0.27.7' ],
695 silly audit   '@esbuild/darwin-arm64': [ '0.27.7' ],
695 silly audit   '@esbuild/darwin-x64': [ '0.27.7' ],
695 silly audit   '@esbuild/freebsd-arm64': [ '0.27.7' ],
695 silly audit   '@esbuild/freebsd-x64': [ '0.27.7' ],
695 silly audit   '@esbuild/linux-arm': [ '0.27.7' ],
695 silly audit   '@esbuild/linux-arm64': [ '0.27.7' ],
695 silly audit   '@esbuild/linux-ia32': [ '0.27.7' ],
695 silly audit   '@esbuild/linux-loong64': [ '0.27.7' ],
695 silly audit   '@esbuild/linux-mips64el': [ '0.27.7' ],
695 silly audit   '@esbuild/linux-ppc64': [ '0.27.7' ],
695 silly audit   '@esbuild/linux-riscv64': [ '0.27.7' ],
695 silly audit   '@esbuild/linux-s390x': [ '0.27.7' ],
695 silly audit   '@esbuild/linux-x64': [ '0.27.7' ],
695 silly audit   '@esbuild/netbsd-arm64': [ '0.27.7' ],
695 silly audit   '@esbuild/netbsd-x64': [ '0.27.7' ],
695 silly audit   '@esbuild/openbsd-arm64': [ '0.27.7' ],
695 silly audit   '@esbuild/openbsd-x64': [ '0.27.7' ],
695 silly audit   '@esbuild/openharmony-arm64': [ '0.27.7' ],
695 silly audit   '@esbuild/sunos-x64': [ '0.27.7' ],
695 silly audit   '@esbuild/win32-arm64': [ '0.27.7' ],
695 silly audit   '@esbuild/win32-ia32': [ '0.27.7' ],
695 silly audit   '@esbuild/win32-x64': [ '0.27.7' ],
695 silly audit   fsevents: [ '2.3.2', '2.3.3' ],
695 silly audit   'playwright-core': [ '1.59.1' ],
695 silly audit   'shebang-regex': [ '3.0.0' ],
695 silly audit   '@types/chai': [ '5.2.3' ],
695 silly audit   '@vitest/expect': [ '3.2.4' ],
695 silly audit   '@vitest/mocker': [ '3.2.4' ],
695 silly audit   '@vitest/pretty-format': [ '3.2.4' ],
695 silly audit   '@vitest/runner': [ '3.2.4' ],
695 silly audit   '@vitest/snapshot': [ '3.2.4' ],
695 silly audit   '@vitest/spy': [ '3.2.4' ],
695 silly audit   '@vitest/utils': [ '3.2.4' ],
695 silly audit   chai: [ '5.3.3' ],
695 silly audit   debug: [ '4.4.3' ],
695 silly audit   'expect-type': [ '1.3.0' ],
695 silly audit   'magic-string': [ '0.30.21' ],
695 silly audit   pathe: [ '2.0.3' ],
695 silly audit   picomatch: [ '4.0.4' ],
695 silly audit   'std-env': [ '3.10.0' ],
695 silly audit   tinybench: [ '2.9.0' ],
695 silly audit   tinyexec: [ '0.3.2' ],
695 silly audit   tinyglobby: [ '0.2.15' ],
695 silly audit   tinypool: [ '1.1.1' ],
695 silly audit   tinyrainbow: [ '2.0.0' ],
695 silly audit   vite: [ '7.3.2' ],
695 silly audit   'vite-node': [ '3.2.4' ],
695 silly audit   'why-is-node-running': [ '2.3.0' ],
695 silly audit   '@types/deep-eql': [ '4.0.2' ],
695 silly audit   'assertion-error': [ '2.0.1' ],
695 silly audit   'estree-walker': [ '3.0.3' ],
695 silly audit   'strip-literal': [ '3.1.0' ],
695 silly audit   tinyspy: [ '4.0.4' ],
695 silly audit   loupe: [ '3.2.1' ],
695 silly audit   'check-error': [ '2.1.3' ],
695 silly audit   'deep-eql': [ '5.0.2' ],
695 silly audit   pathval: [ '2.0.1' ],
695 silly audit   ms: [ '2.1.3' ],
695 silly audit   '@types/estree': [ '1.0.8' ],
695 silly audit   '@jridgewell/sourcemap-codec': [ '1.5.5' ],
695 silly audit   'js-tokens': [ '9.0.1' ],
695 silly audit   fdir: [ '6.5.0' ],
695 silly audit   postcss: [ '8.5.8' ],
695 silly audit   rollup: [ '4.60.1' ],
695 silly audit   nanoid: [ '3.3.11' ],
695 silly audit   picocolors: [ '1.1.1' ],
695 silly audit   'source-map-js': [ '1.2.1' ],
695 silly audit   '@rollup/rollup-android-arm-eabi': [ '4.60.1' ],
695 silly audit   '@rollup/rollup-android-arm64': [ '4.60.1' ],
695 silly audit   '@rollup/rollup-darwin-arm64': [ '4.60.1' ],
695 silly audit   '@rollup/rollup-darwin-x64': [ '4.60.1' ],
695 silly audit   '@rollup/rollup-freebsd-arm64': [ '4.60.1' ],
695 silly audit   '@rollup/rollup-freebsd-x64': [ '4.60.1' ],
695 silly audit   '@rollup/rollup-linux-arm-gnueabihf': [ '4.60.1' ],
695 silly audit   '@rollup/rollup-linux-arm-musleabihf': [ '4.60.1' ],
695 silly audit   '@rollup/rollup-linux-arm64-gnu': [ '4.60.1' ],
695 silly audit   '@rollup/rollup-linux-arm64-musl': [ '4.60.1' ],
695 silly audit   '@rollup/rollup-linux-loong64-gnu': [ '4.60.1' ],
695 silly audit   '@rollup/rollup-linux-loong64-musl': [ '4.60.1' ],
695 silly audit   '@rollup/rollup-linux-ppc64-gnu': [ '4.60.1' ],
695 silly audit   '@rollup/rollup-linux-ppc64-musl': [ '4.60.1' ],
695 silly audit   '@rollup/rollup-linux-riscv64-gnu': [ '4.60.1' ],
695 silly audit   '@rollup/rollup-linux-riscv64-musl': [ '4.60.1' ],
695 silly audit   '@rollup/rollup-linux-s390x-gnu': [ '4.60.1' ],
695 silly audit   '@rollup/rollup-linux-x64-gnu': [ '4.60.1' ],
695 silly audit   '@rollup/rollup-linux-x64-musl': [ '4.60.1' ],
695 silly audit   '@rollup/rollup-openbsd-x64': [ '4.60.1' ],
695 silly audit   '@rollup/rollup-openharmony-arm64': [ '4.60.1' ],
695 silly audit   '@rollup/rollup-win32-arm64-msvc': [ '4.60.1' ],
695 silly audit   '@rollup/rollup-win32-ia32-msvc': [ '4.60.1' ],
695 silly audit   '@rollup/rollup-win32-x64-gnu': [ '4.60.1' ],
695 silly audit   '@rollup/rollup-win32-x64-msvc': [ '4.60.1' ],
695 silly audit   cac: [ '6.7.14' ],
695 silly audit   'es-module-lexer': [ '1.7.0' ],
695 silly audit   isexe: [ '2.0.0' ],
695 silly audit   siginfo: [ '2.0.0' ],
695 silly audit   stackback: [ '0.0.2' ]
695 silly audit }
696 http cache stackback@https://registry.npmjs.org/stackback/-/stackback-0.0.2.tgz 0ms (cache hit)
697 http cache isexe@https://registry.npmjs.org/isexe/-/isexe-2.0.0.tgz 0ms (cache hit)
698 http cache siginfo@https://registry.npmjs.org/siginfo/-/siginfo-2.0.0.tgz 0ms (cache hit)
699 http cache cac@https://registry.npmjs.org/cac/-/cac-6.7.14.tgz 0ms (cache hit)
700 http cache es-module-lexer@https://registry.npmjs.org/es-module-lexer/-/es-module-lexer-1.7.0.tgz 0ms (cache hit)
701 http cache source-map-js@https://registry.npmjs.org/source-map-js/-/source-map-js-1.2.1.tgz 0ms (cache hit)
702 http cache picocolors@https://registry.npmjs.org/picocolors/-/picocolors-1.1.1.tgz 0ms (cache hit)
703 http cache nanoid@https://registry.npmjs.org/nanoid/-/nanoid-3.3.11.tgz 0ms (cache hit)
704 http cache rollup@https://registry.npmjs.org/rollup/-/rollup-4.60.1.tgz 0ms (cache hit)
705 http cache postcss@https://registry.npmjs.org/postcss/-/postcss-8.5.8.tgz 0ms (cache hit)
706 http cache fdir@https://registry.npmjs.org/fdir/-/fdir-6.5.0.tgz 0ms (cache hit)
707 http cache @types/estree@https://registry.npmjs.org/@types/estree/-/estree-1.0.8.tgz 0ms (cache hit)
708 http cache js-tokens@https://registry.npmjs.org/js-tokens/-/js-tokens-9.0.1.tgz 0ms (cache hit)
709 http cache ms@https://registry.npmjs.org/ms/-/ms-2.1.3.tgz 0ms (cache hit)
710 http cache pathval@https://registry.npmjs.org/pathval/-/pathval-2.0.1.tgz 0ms (cache hit)
711 http cache @rollup/rollup-darwin-x64@https://registry.npmjs.org/@rollup/rollup-darwin-x64/-/rollup-darwin-x64-4.60.1.tgz 0ms (cache hit)
712 http cache @jridgewell/sourcemap-codec@https://registry.npmjs.org/@jridgewell/sourcemap-codec/-/sourcemap-codec-1.5.5.tgz 0ms (cache hit)
713 http cache deep-eql@https://registry.npmjs.org/deep-eql/-/deep-eql-5.0.2.tgz 0ms (cache hit)
714 http cache loupe@https://registry.npmjs.org/loupe/-/loupe-3.2.1.tgz 0ms (cache hit)
715 http cache strip-literal@https://registry.npmjs.org/strip-literal/-/strip-literal-3.1.0.tgz 0ms (cache hit)
716 http cache check-error@https://registry.npmjs.org/check-error/-/check-error-2.1.3.tgz 0ms (cache hit)
717 http cache tinyspy@https://registry.npmjs.org/tinyspy/-/tinyspy-4.0.4.tgz 0ms (cache hit)
718 http cache assertion-error@https://registry.npmjs.org/assertion-error/-/assertion-error-2.0.1.tgz 0ms (cache hit)
719 http cache why-is-node-running@https://registry.npmjs.org/why-is-node-running/-/why-is-node-running-2.3.0.tgz 0ms (cache hit)
720 http cache @types/deep-eql@https://registry.npmjs.org/@types/deep-eql/-/deep-eql-4.0.2.tgz 0ms (cache hit)
721 http cache vite-node@https://registry.npmjs.org/vite-node/-/vite-node-3.2.4.tgz 0ms (cache hit)
722 http cache estree-walker@https://registry.npmjs.org/estree-walker/-/estree-walker-3.0.3.tgz 0ms (cache hit)
723 http cache vite@https://registry.npmjs.org/vite/-/vite-7.3.2.tgz 0ms (cache hit)
724 http cache tinyrainbow@https://registry.npmjs.org/tinyrainbow/-/tinyrainbow-2.0.0.tgz 1ms (cache hit)
725 http cache tinypool@https://registry.npmjs.org/tinypool/-/tinypool-1.1.1.tgz 0ms (cache hit)
726 http cache tinyexec@https://registry.npmjs.org/tinyexec/-/tinyexec-0.3.2.tgz 0ms (cache hit)
727 http cache tinyglobby@https://registry.npmjs.org/tinyglobby/-/tinyglobby-0.2.15.tgz 0ms (cache hit)
728 http cache tinybench@https://registry.npmjs.org/tinybench/-/tinybench-2.9.0.tgz 0ms (cache hit)
729 http cache picomatch@https://registry.npmjs.org/picomatch/-/picomatch-4.0.4.tgz 0ms (cache hit)
730 http cache pathe@https://registry.npmjs.org/pathe/-/pathe-2.0.3.tgz 0ms (cache hit)
731 http cache std-env@https://registry.npmjs.org/std-env/-/std-env-3.10.0.tgz 0ms (cache hit)
732 http cache magic-string@https://registry.npmjs.org/magic-string/-/magic-string-0.30.21.tgz 0ms (cache hit)
733 http cache expect-type@https://registry.npmjs.org/expect-type/-/expect-type-1.3.0.tgz 0ms (cache hit)
734 http cache debug@https://registry.npmjs.org/debug/-/debug-4.4.3.tgz 0ms (cache hit)
735 http cache chai@https://registry.npmjs.org/chai/-/chai-5.3.3.tgz 0ms (cache hit)
736 http cache @vitest/snapshot@https://registry.npmjs.org/@vitest/snapshot/-/snapshot-3.2.4.tgz 0ms (cache hit)
737 http cache @vitest/runner@https://registry.npmjs.org/@vitest/runner/-/runner-3.2.4.tgz 0ms (cache hit)
738 http cache @vitest/utils@https://registry.npmjs.org/@vitest/utils/-/utils-3.2.4.tgz 0ms (cache hit)
739 http cache @vitest/pretty-format@https://registry.npmjs.org/@vitest/pretty-format/-/pretty-format-3.2.4.tgz 0ms (cache hit)
740 http cache @vitest/mocker@https://registry.npmjs.org/@vitest/mocker/-/mocker-3.2.4.tgz 0ms (cache hit)
741 http cache @vitest/expect@https://registry.npmjs.org/@vitest/expect/-/expect-3.2.4.tgz 0ms (cache hit)
742 http cache @types/chai@https://registry.npmjs.org/@types/chai/-/chai-5.2.3.tgz 0ms (cache hit)
743 http cache fsevents@https://registry.npmjs.org/fsevents/-/fsevents-2.3.2.tgz 0ms (cache hit)
744 http cache shebang-regex@https://registry.npmjs.org/shebang-regex/-/shebang-regex-3.0.0.tgz 1ms (cache hit)
745 http cache playwright-core@https://registry.npmjs.org/playwright-core/-/playwright-core-1.59.1.tgz 0ms (cache hit)
746 http cache @esbuild/darwin-x64@https://registry.npmjs.org/@esbuild/darwin-x64/-/darwin-x64-0.27.7.tgz 0ms (cache hit)
747 http cache path-key@https://registry.npmjs.org/path-key/-/path-key-3.1.1.tgz 0ms (cache hit)
748 http cache shebang-command@https://registry.npmjs.org/shebang-command/-/shebang-command-2.0.0.tgz 0ms (cache hit)
749 http cache which@https://registry.npmjs.org/which/-/which-2.0.2.tgz 0ms (cache hit)
750 http cache cross-spawn@https://registry.npmjs.org/cross-spawn/-/cross-spawn-7.0.6.tgz 0ms (cache hit)
751 http cache vitest@https://registry.npmjs.org/vitest/-/vitest-3.2.4.tgz 0ms (cache hit)
752 http cache @epic-web/invariant@https://registry.npmjs.org/@epic-web/invariant/-/invariant-1.0.0.tgz 0ms (cache hit)
753 http cache playwright@https://registry.npmjs.org/playwright/-/playwright-1.59.1.tgz 0ms (cache hit)
754 http cache typescript@https://registry.npmjs.org/typescript/-/typescript-5.9.3.tgz 0ms (cache hit)
755 http cache esbuild@https://registry.npmjs.org/esbuild/-/esbuild-0.27.7.tgz 0ms (cache hit)
756 http cache pnpm@https://registry.npmjs.org/pnpm/-/pnpm-9.15.4.tgz 0ms (cache hit)
757 http cache cross-env@https://registry.npmjs.org/cross-env/-/cross-env-10.1.0.tgz 0ms (cache hit)
758 http cache @playwright/test@https://registry.npmjs.org/@playwright/test/-/test-1.59.1.tgz 0ms (cache hit)
759 http cache @vitest/spy@https://registry.npmjs.org/@vitest/spy/-/spy-3.2.4.tgz 0ms (cache hit)
760 http cache fsevents@https://registry.npmjs.org/fsevents/-/fsevents-2.3.3.tgz 0ms (cache hit)
761 silly tarball no local data for stackback@https://registry.npmjs.org/stackback/-/stackback-0.0.2.tgz. Extracting by manifest.
762 silly tarball no local data for isexe@https://registry.npmjs.org/isexe/-/isexe-2.0.0.tgz. Extracting by manifest.
763 silly tarball no local data for siginfo@https://registry.npmjs.org/siginfo/-/siginfo-2.0.0.tgz. Extracting by manifest.
764 silly tarball no local data for cac@https://registry.npmjs.org/cac/-/cac-6.7.14.tgz. Extracting by manifest.
765 silly tarball no local data for es-module-lexer@https://registry.npmjs.org/es-module-lexer/-/es-module-lexer-1.7.0.tgz. Extracting by manifest.
766 silly tarball no local data for source-map-js@https://registry.npmjs.org/source-map-js/-/source-map-js-1.2.1.tgz. Extracting by manifest.
767 silly tarball no local data for picocolors@https://registry.npmjs.org/picocolors/-/picocolors-1.1.1.tgz. Extracting by manifest.
768 silly tarball no local data for nanoid@https://registry.npmjs.org/nanoid/-/nanoid-3.3.11.tgz. Extracting by manifest.
769 silly tarball no local data for rollup@https://registry.npmjs.org/rollup/-/rollup-4.60.1.tgz. Extracting by manifest.
770 silly tarball no local data for postcss@https://registry.npmjs.org/postcss/-/postcss-8.5.8.tgz. Extracting by manifest.
771 silly tarball no local data for fdir@https://registry.npmjs.org/fdir/-/fdir-6.5.0.tgz. Extracting by manifest.
772 silly tarball no local data for @types/estree@https://registry.npmjs.org/@types/estree/-/estree-1.0.8.tgz. Extracting by manifest.
773 silly tarball no local data for js-tokens@https://registry.npmjs.org/js-tokens/-/js-tokens-9.0.1.tgz. Extracting by manifest.
774 silly tarball no local data for ms@https://registry.npmjs.org/ms/-/ms-2.1.3.tgz. Extracting by manifest.
775 silly tarball no local data for pathval@https://registry.npmjs.org/pathval/-/pathval-2.0.1.tgz. Extracting by manifest.
776 silly tarball no local data for @rollup/rollup-darwin-x64@https://registry.npmjs.org/@rollup/rollup-darwin-x64/-/rollup-darwin-x64-4.60.1.tgz. Extracting by manifest.
777 silly tarball no local data for @jridgewell/sourcemap-codec@https://registry.npmjs.org/@jridgewell/sourcemap-codec/-/sourcemap-codec-1.5.5.tgz. Extracting by manifest.
778 silly tarball no local data for deep-eql@https://registry.npmjs.org/deep-eql/-/deep-eql-5.0.2.tgz. Extracting by manifest.
779 silly tarball no local data for loupe@https://registry.npmjs.org/loupe/-/loupe-3.2.1.tgz. Extracting by manifest.
780 silly tarball no local data for strip-literal@https://registry.npmjs.org/strip-literal/-/strip-literal-3.1.0.tgz. Extracting by manifest.
781 silly tarball no local data for check-error@https://registry.npmjs.org/check-error/-/check-error-2.1.3.tgz. Extracting by manifest.
782 silly tarball no local data for tinyspy@https://registry.npmjs.org/tinyspy/-/tinyspy-4.0.4.tgz. Extracting by manifest.
783 silly tarball no local data for assertion-error@https://registry.npmjs.org/assertion-error/-/assertion-error-2.0.1.tgz. Extracting by manifest.
784 silly tarball no local data for why-is-node-running@https://registry.npmjs.org/why-is-node-running/-/why-is-node-running-2.3.0.tgz. Extracting by manifest.
785 silly tarball no local data for @types/deep-eql@https://registry.npmjs.org/@types/deep-eql/-/deep-eql-4.0.2.tgz. Extracting by manifest.
786 silly tarball no local data for vite-node@https://registry.npmjs.org/vite-node/-/vite-node-3.2.4.tgz. Extracting by manifest.
787 silly tarball no local data for estree-walker@https://registry.npmjs.org/estree-walker/-/estree-walker-3.0.3.tgz. Extracting by manifest.
788 silly tarball no local data for vite@https://registry.npmjs.org/vite/-/vite-7.3.2.tgz. Extracting by manifest.
789 silly tarball no local data for tinyrainbow@https://registry.npmjs.org/tinyrainbow/-/tinyrainbow-2.0.0.tgz. Extracting by manifest.
790 silly tarball no local data for tinypool@https://registry.npmjs.org/tinypool/-/tinypool-1.1.1.tgz. Extracting by manifest.
791 silly tarball no local data for tinyexec@https://registry.npmjs.org/tinyexec/-/tinyexec-0.3.2.tgz. Extracting by manifest.
792 silly tarball no local data for tinyglobby@https://registry.npmjs.org/tinyglobby/-/tinyglobby-0.2.15.tgz. Extracting by manifest.
793 silly tarball no local data for tinybench@https://registry.npmjs.org/tinybench/-/tinybench-2.9.0.tgz. Extracting by manifest.
794 silly tarball no local data for picomatch@https://registry.npmjs.org/picomatch/-/picomatch-4.0.4.tgz. Extracting by manifest.
795 silly tarball no local data for pathe@https://registry.npmjs.org/pathe/-/pathe-2.0.3.tgz. Extracting by manifest.
796 silly tarball no local data for std-env@https://registry.npmjs.org/std-env/-/std-env-3.10.0.tgz. Extracting by manifest.
797 silly tarball no local data for magic-string@https://registry.npmjs.org/magic-string/-/magic-string-0.30.21.tgz. Extracting by manifest.
798 silly tarball no local data for expect-type@https://registry.npmjs.org/expect-type/-/expect-type-1.3.0.tgz. Extracting by manifest.
799 silly tarball no local data for debug@https://registry.npmjs.org/debug/-/debug-4.4.3.tgz. Extracting by manifest.
800 silly tarball no local data for chai@https://registry.npmjs.org/chai/-/chai-5.3.3.tgz. Extracting by manifest.
801 silly tarball no local data for @vitest/snapshot@https://registry.npmjs.org/@vitest/snapshot/-/snapshot-3.2.4.tgz. Extracting by manifest.
802 silly tarball no local data for @vitest/runner@https://registry.npmjs.org/@vitest/runner/-/runner-3.2.4.tgz. Extracting by manifest.
803 silly tarball no local data for @vitest/utils@https://registry.npmjs.org/@vitest/utils/-/utils-3.2.4.tgz. Extracting by manifest.
804 silly tarball no local data for @vitest/pretty-format@https://registry.npmjs.org/@vitest/pretty-format/-/pretty-format-3.2.4.tgz. Extracting by manifest.
805 silly tarball no local data for @vitest/mocker@https://registry.npmjs.org/@vitest/mocker/-/mocker-3.2.4.tgz. Extracting by manifest.
806 silly tarball no local data for @vitest/expect@https://registry.npmjs.org/@vitest/expect/-/expect-3.2.4.tgz. Extracting by manifest.
807 silly tarball no local data for @types/chai@https://registry.npmjs.org/@types/chai/-/chai-5.2.3.tgz. Extracting by manifest.
808 silly tarball no local data for fsevents@https://registry.npmjs.org/fsevents/-/fsevents-2.3.2.tgz. Extracting by manifest.
809 silly tarball no local data for shebang-regex@https://registry.npmjs.org/shebang-regex/-/shebang-regex-3.0.0.tgz. Extracting by manifest.
810 silly tarball no local data for playwright-core@https://registry.npmjs.org/playwright-core/-/playwright-core-1.59.1.tgz. Extracting by manifest.
811 silly tarball no local data for @esbuild/darwin-x64@https://registry.npmjs.org/@esbuild/darwin-x64/-/darwin-x64-0.27.7.tgz. Extracting by manifest.
812 silly tarball no local data for path-key@https://registry.npmjs.org/path-key/-/path-key-3.1.1.tgz. Extracting by manifest.
813 silly tarball no local data for shebang-command@https://registry.npmjs.org/shebang-command/-/shebang-command-2.0.0.tgz. Extracting by manifest.
814 silly tarball no local data for which@https://registry.npmjs.org/which/-/which-2.0.2.tgz. Extracting by manifest.
815 silly tarball no local data for cross-spawn@https://registry.npmjs.org/cross-spawn/-/cross-spawn-7.0.6.tgz. Extracting by manifest.
816 silly tarball no local data for vitest@https://registry.npmjs.org/vitest/-/vitest-3.2.4.tgz. Extracting by manifest.
817 silly tarball no local data for @epic-web/invariant@https://registry.npmjs.org/@epic-web/invariant/-/invariant-1.0.0.tgz. Extracting by manifest.
818 silly tarball no local data for playwright@https://registry.npmjs.org/playwright/-/playwright-1.59.1.tgz. Extracting by manifest.
819 silly tarball no local data for typescript@https://registry.npmjs.org/typescript/-/typescript-5.9.3.tgz. Extracting by manifest.
820 silly tarball no local data for esbuild@https://registry.npmjs.org/esbuild/-/esbuild-0.27.7.tgz. Extracting by manifest.
821 silly tarball no local data for pnpm@https://registry.npmjs.org/pnpm/-/pnpm-9.15.4.tgz. Extracting by manifest.
822 silly tarball no local data for cross-env@https://registry.npmjs.org/cross-env/-/cross-env-10.1.0.tgz. Extracting by manifest.
823 silly tarball no local data for @playwright/test@https://registry.npmjs.org/@playwright/test/-/test-1.59.1.tgz. Extracting by manifest.
824 silly tarball no local data for @vitest/spy@https://registry.npmjs.org/@vitest/spy/-/spy-3.2.4.tgz. Extracting by manifest.
825 silly tarball no local data for fsevents@https://registry.npmjs.org/fsevents/-/fsevents-2.3.3.tgz. Extracting by manifest.
826 http fetch GET 200 https://registry.npmjs.org/isexe/-/isexe-2.0.0.tgz 160ms (cache miss)
827 http fetch GET 200 https://registry.npmjs.org/siginfo/-/siginfo-2.0.0.tgz 161ms (cache miss)
828 http fetch POST 200 https://registry.npmjs.org/-/npm/v1/security/advisories/bulk 192ms
829 silly audit report {
829 silly audit report   pnpm: [
829 silly audit report     {
829 silly audit report       id: 1104027,
829 silly audit report       url: 'https://github.com/advisories/GHSA-8cc4-rfj6-fhg4',
829 silly audit report       title: 'pnpm uses the md5 path shortening function causes packet paths to coincide, which causes indirect packet overwriting',
829 silly audit report       severity: 'moderate',
829 silly audit report       vulnerable_versions: '<10.0.0',
829 silly audit report       cwe: [Array],
829 silly audit report       cvss: [Object]
829 silly audit report     },
829 silly audit report     {
829 silly audit report       id: 1111961,
829 silly audit report       url: 'https://github.com/advisories/GHSA-7vhp-vf5g-r2fw',
829 silly audit report       title: 'pnpm Has Lockfile Integrity Bypass that Allows Remote Dynamic Dependencies',
829 silly audit report       severity: 'high',
829 silly audit report       vulnerable_versions: '<10.26.0',
829 silly audit report       cwe: [Array],
829 silly audit report       cvss: [Object]
829 silly audit report     },
829 silly audit report     {
829 silly audit report       id: 1111962,
829 silly audit report       url: 'https://github.com/advisories/GHSA-2phv-j68v-wwqx',
829 silly audit report       title: 'pnpm vulnerable to Command Injection via environment variable substitution',
829 silly audit report       severity: 'high',
829 silly audit report       vulnerable_versions: '>=6.25.0 <10.27.0',
829 silly audit report       cwe: [Array],
829 silly audit report       cvss: [Object]
829 silly audit report     },
829 silly audit report     {
829 silly audit report       id: 1112536,
829 silly audit report       url: 'https://github.com/advisories/GHSA-v253-rj99-jwpq',
829 silly audit report       title: 'pnpm has Path Traversal via arbitrary file permission modification ',
829 silly audit report       severity: 'moderate',
829 silly audit report       vulnerable_versions: '<10.28.2',
829 silly audit report       cwe: [Array],
829 silly audit report       cvss: [Object]
829 silly audit report     },
829 silly audit report     {
829 silly audit report       id: 1112639,
829 silly audit report       url: 'https://github.com/advisories/GHSA-6pfh-p556-v868',
829 silly audit report       title: 'pnpm: Binary ZIP extraction allows arbitrary file write via path traversal (Zip Slip)',
829 silly audit report       severity: 'moderate',
829 silly audit report       vulnerable_versions: '<10.28.1',
829 silly audit report       cwe: [Array],
829 silly audit report       cvss: [Object]
829 silly audit report     },
829 silly audit report     {
829 silly audit report       id: 1112679,
829 silly audit report       url: 'https://github.com/advisories/GHSA-6x96-7vc8-cm3p',
829 silly audit report       title: 'pnpm has Windows-specific tarball Path Traversal',
829 silly audit report       severity: 'moderate',
829 silly audit report       vulnerable_versions: '<10.28.1',
829 silly audit report       cwe: [Array],
829 silly audit report       cvss: [Object]
829 silly audit report     },
829 silly audit report     {
829 silly audit report       id: 1112680,
829 silly audit report       url: 'https://github.com/advisories/GHSA-xpqm-wm3m-f34h',
829 silly audit report       title: 'pnpm scoped bin name Path Traversal allows arbitrary file creation outside node_modules/.bin',
829 silly audit report       severity: 'moderate',
829 silly audit report       vulnerable_versions: '<10.28.1',
829 silly audit report       cwe: [Array],
829 silly audit report       cvss: [Object]
829 silly audit report     },
829 silly audit report     {
829 silly audit report       id: 1112681,
829 silly audit report       url: 'https://github.com/advisories/GHSA-m733-5w8f-5ggw',
829 silly audit report       title: 'pnpm has symlink traversal in file:/git dependencies',
829 silly audit report       severity: 'moderate',
829 silly audit report       vulnerable_versions: '<10.28.2',
829 silly audit report       cwe: [Array],
829 silly audit report       cvss: [Object]
829 silly audit report     }
829 silly audit report   ]
829 silly audit report }
830 silly packumentCache corgi:https://registry.npmjs.org/pnpm cache-miss
831 http fetch GET 200 https://registry.npmjs.org/stackback/-/stackback-0.0.2.tgz 179ms (cache miss)
832 http fetch GET 200 https://registry.npmjs.org/pathval/-/pathval-2.0.1.tgz 199ms (cache miss)
833 http fetch GET 200 https://registry.npmjs.org/deep-eql/-/deep-eql-5.0.2.tgz 201ms (cache miss)
834 http fetch GET 200 https://registry.npmjs.org/es-module-lexer/-/es-module-lexer-1.7.0.tgz 220ms (cache miss)
835 http fetch GET 200 https://registry.npmjs.org/strip-literal/-/strip-literal-3.1.0.tgz 248ms (cache miss)
836 http fetch GET 200 https://registry.npmjs.org/check-error/-/check-error-2.1.3.tgz 318ms (cache miss)
837 http fetch GET 200 https://registry.npmjs.org/why-is-node-running/-/why-is-node-running-2.3.0.tgz 377ms (cache miss)
838 http fetch GET 200 https://registry.npmjs.org/ms/-/ms-2.1.3.tgz 392ms (cache miss)
839 http fetch GET 200 https://registry.npmjs.org/tinyspy/-/tinyspy-4.0.4.tgz 390ms (cache miss)
840 http fetch GET 200 https://registry.npmjs.org/assertion-error/-/assertion-error-2.0.1.tgz 396ms (cache miss)
841 http fetch GET 200 https://registry.npmjs.org/tinyglobby/-/tinyglobby-0.2.15.tgz 394ms (cache miss)
842 http fetch GET 200 https://registry.npmjs.org/js-tokens/-/js-tokens-9.0.1.tgz 404ms (cache miss)
843 http fetch GET 200 https://registry.npmjs.org/estree-walker/-/estree-walker-3.0.3.tgz 399ms (cache miss)
844 http fetch GET 200 https://registry.npmjs.org/@types/deep-eql/-/deep-eql-4.0.2.tgz 400ms (cache miss)
845 http fetch GET 200 https://registry.npmjs.org/picocolors/-/picocolors-1.1.1.tgz 412ms (cache miss)
846 http fetch GET 200 https://registry.npmjs.org/cac/-/cac-6.7.14.tgz 416ms (cache miss)
847 http fetch GET 200 https://registry.npmjs.org/@types/estree/-/estree-1.0.8.tgz 418ms (cache miss)
848 http fetch GET 200 https://registry.npmjs.org/tinybench/-/tinybench-2.9.0.tgz 415ms (cache miss)
849 http fetch GET 200 https://registry.npmjs.org/tinyrainbow/-/tinyrainbow-2.0.0.tgz 420ms (cache miss)
850 http fetch GET 200 https://registry.npmjs.org/debug/-/debug-4.4.3.tgz 419ms (cache miss)
851 http fetch GET 200 https://registry.npmjs.org/@vitest/pretty-format/-/pretty-format-3.2.4.tgz 418ms (cache miss)
852 http fetch GET 200 https://registry.npmjs.org/shebang-regex/-/shebang-regex-3.0.0.tgz 417ms (cache miss)
853 http fetch GET 200 https://registry.npmjs.org/path-key/-/path-key-3.1.1.tgz 420ms (cache miss)
854 http fetch GET 200 https://registry.npmjs.org/std-env/-/std-env-3.10.0.tgz 427ms (cache miss)
855 http fetch GET 200 https://registry.npmjs.org/@vitest/expect/-/expect-3.2.4.tgz 430ms (cache miss)
856 http fetch GET 200 https://registry.npmjs.org/shebang-command/-/shebang-command-2.0.0.tgz 427ms (cache miss)
857 http fetch GET 200 https://registry.npmjs.org/fsevents/-/fsevents-2.3.2.tgz 432ms (cache miss)
858 http fetch GET 200 https://registry.npmjs.org/which/-/which-2.0.2.tgz 430ms (cache miss)
859 http fetch GET 200 https://registry.npmjs.org/@vitest/spy/-/spy-3.2.4.tgz 427ms (cache miss)
860 http fetch GET 200 https://registry.npmjs.org/@playwright/test/-/test-1.59.1.tgz 431ms (cache miss)
861 http fetch GET 200 https://registry.npmjs.org/fdir/-/fdir-6.5.0.tgz 459ms (cache miss)
862 http fetch GET 200 https://registry.npmjs.org/cross-spawn/-/cross-spawn-7.0.6.tgz 447ms (cache miss)
863 http fetch GET 200 https://registry.npmjs.org/esbuild/-/esbuild-0.27.7.tgz 450ms (cache miss)
864 http fetch GET 200 https://registry.npmjs.org/source-map-js/-/source-map-js-1.2.1.tgz 474ms (cache miss)
865 http fetch GET 200 https://registry.npmjs.org/tinyexec/-/tinyexec-0.3.2.tgz 469ms (cache miss)
866 http fetch GET 200 https://registry.npmjs.org/@types/chai/-/chai-5.2.3.tgz 467ms (cache miss)
867 http fetch GET 200 https://registry.npmjs.org/fsevents/-/fsevents-2.3.3.tgz 461ms (cache miss)
868 http fetch GET 200 https://registry.npmjs.org/@epic-web/invariant/-/invariant-1.0.0.tgz 481ms (cache miss)
869 http fetch GET 200 https://registry.npmjs.org/nanoid/-/nanoid-3.3.11.tgz 510ms (cache miss)
870 http fetch GET 200 https://registry.npmjs.org/@vitest/snapshot/-/snapshot-3.2.4.tgz 501ms (cache miss)
871 http fetch GET 200 https://registry.npmjs.org/expect-type/-/expect-type-1.3.0.tgz 504ms (cache miss)
872 http fetch GET 200 https://registry.npmjs.org/picomatch/-/picomatch-4.0.4.tgz 516ms (cache miss)
873 http fetch GET 200 https://registry.npmjs.org/tinypool/-/tinypool-1.1.1.tgz 519ms (cache miss)
874 http fetch GET 200 https://registry.npmjs.org/cross-env/-/cross-env-10.1.0.tgz 509ms (cache miss)
875 http fetch GET 200 https://registry.npmjs.org/pathe/-/pathe-2.0.3.tgz 526ms (cache miss)
876 http fetch GET 200 https://registry.npmjs.org/@vitest/runner/-/runner-3.2.4.tgz 531ms (cache miss)
877 http fetch GET 200 https://registry.npmjs.org/magic-string/-/magic-string-0.30.21.tgz 534ms (cache miss)
878 http fetch GET 200 https://registry.npmjs.org/@vitest/utils/-/utils-3.2.4.tgz 546ms (cache miss)
879 http fetch GET 200 https://registry.npmjs.org/@jridgewell/sourcemap-codec/-/sourcemap-codec-1.5.5.tgz 566ms (cache miss)
880 http fetch GET 200 https://registry.npmjs.org/@vitest/mocker/-/mocker-3.2.4.tgz 644ms (cache miss)
881 http fetch GET 200 https://registry.npmjs.org/vite-node/-/vite-node-3.2.4.tgz 722ms (cache miss)
882 http fetch GET 200 https://registry.npmjs.org/@rollup/rollup-darwin-x64/-/rollup-darwin-x64-4.60.1.tgz 736ms (cache miss)
883 http fetch GET 200 https://registry.npmjs.org/loupe/-/loupe-3.2.1.tgz 755ms (cache miss)
884 http fetch GET 200 https://registry.npmjs.org/pnpm 614ms (cache miss)
885 silly packumentCache corgi:https://registry.npmjs.org/pnpm set size:undefined disposed:false
886 http fetch GET 200 https://registry.npmjs.org/postcss/-/postcss-8.5.8.tgz 986ms (cache miss)
887 http fetch GET 200 https://registry.npmjs.org/chai/-/chai-5.3.3.tgz 1011ms (cache miss)
888 http fetch GET 200 https://registry.npmjs.org/rollup/-/rollup-4.60.1.tgz 1062ms (cache miss)
889 http fetch GET 200 https://registry.npmjs.org/vite/-/vite-7.3.2.tgz 1060ms (cache miss)
890 http fetch GET 200 https://registry.npmjs.org/vitest/-/vitest-3.2.4.tgz 1085ms (cache miss)
891 http fetch GET 200 https://registry.npmjs.org/playwright/-/playwright-1.59.1.tgz 1226ms (cache miss)
892 http fetch GET 200 https://registry.npmjs.org/@esbuild/darwin-x64/-/darwin-x64-0.27.7.tgz 1238ms (cache miss)
893 http fetch GET 200 https://registry.npmjs.org/typescript/-/typescript-5.9.3.tgz 1430ms (cache miss)
894 http fetch GET 200 https://registry.npmjs.org/playwright-core/-/playwright-core-1.59.1.tgz 1575ms (cache miss)
895 http fetch GET 200 https://registry.npmjs.org/pnpm/-/pnpm-9.15.4.tgz 1986ms (cache miss)
896 info run fsevents@2.3.2 install node_modules/fsevents node-gyp rebuild
897 info run fsevents@2.3.3 install node_modules/vite/node_modules/fsevents node-gyp rebuild
898 info run fsevents@2.3.2 install { code: 1, signal: null }
899 verbose reify failed optional dependency /Users/sungsookim/universe/vectorfl_replica/references/git_search/paperclip-master/node_modules/fsevents
900 silly reify mark deleted [
900 silly reify   '/Users/sungsookim/universe/vectorfl_replica/references/git_search/paperclip-master/node_modules/fsevents'
900 silly reify ]
901 info run fsevents@2.3.3 install { code: 1, signal: null }
902 verbose reify failed optional dependency /Users/sungsookim/universe/vectorfl_replica/references/git_search/paperclip-master/node_modules/vite/node_modules/fsevents
903 silly reify mark deleted [
903 silly reify   '/Users/sungsookim/universe/vectorfl_replica/references/git_search/paperclip-master/node_modules/vite/node_modules/fsevents'
903 silly reify ]
904 info run esbuild@0.27.7 postinstall node_modules/esbuild node install.js
905 info run esbuild@0.27.7 postinstall { code: 0, signal: null }
906 silly ADD node_modules/stackback
907 silly ADD node_modules/siginfo
908 silly ADD node_modules/isexe
909 silly ADD node_modules/es-module-lexer
910 silly ADD node_modules/cac
911 silly ADD node_modules/@rollup/rollup-darwin-x64
912 silly ADD node_modules/source-map-js
913 silly ADD node_modules/picocolors
914 silly ADD node_modules/nanoid
915 silly ADD node_modules/rollup
916 silly ADD node_modules/postcss
917 silly ADD node_modules/fdir
918 silly ADD node_modules/js-tokens
919 silly ADD node_modules/@jridgewell/sourcemap-codec
920 silly ADD node_modules/@types/estree
921 silly ADD node_modules/ms
922 silly ADD node_modules/pathval
923 silly ADD node_modules/deep-eql
924 silly ADD node_modules/check-error
925 silly ADD node_modules/loupe
926 silly ADD node_modules/tinyspy
927 silly ADD node_modules/strip-literal
928 silly ADD node_modules/estree-walker
929 silly ADD node_modules/assertion-error
930 silly ADD node_modules/@types/deep-eql
931 silly ADD node_modules/why-is-node-running
932 silly ADD node_modules/vite-node
933 silly ADD node_modules/vite
934 silly ADD
935 silly ADD node_modules/tinyrainbow
936 silly ADD node_modules/tinypool
937 silly ADD node_modules/tinyglobby
938 silly ADD node_modules/tinyexec
939 silly ADD node_modules/tinybench
940 silly ADD node_modules/std-env
941 silly ADD node_modules/picomatch
942 silly ADD node_modules/pathe
943 silly ADD node_modules/magic-string
944 silly ADD node_modules/expect-type
945 silly ADD node_modules/debug
946 silly ADD node_modules/chai
947 silly ADD node_modules/@vitest/utils
948 silly ADD node_modules/@vitest/spy
949 silly ADD node_modules/@vitest/snapshot
950 silly ADD node_modules/@vitest/runner
951 silly ADD node_modules/@vitest/pretty-format
952 silly ADD node_modules/@vitest/mocker
953 silly ADD node_modules/@vitest/expect
954 silly ADD node_modules/@types/chai
955 silly ADD node_modules/shebang-regex
956 silly ADD node_modules/playwright-core
957 silly ADD
958 silly ADD node_modules/@esbuild/darwin-x64
959 silly ADD node_modules/which
960 silly ADD node_modules/shebang-command
961 silly ADD node_modules/path-key
962 silly ADD node_modules/cross-spawn
963 silly ADD node_modules/@epic-web/invariant
964 silly ADD node_modules/playwright
965 silly ADD node_modules/vitest
966 silly ADD node_modules/typescript
967 silly ADD node_modules/pnpm
968 silly ADD node_modules/esbuild
969 silly ADD node_modules/cross-env
970 silly ADD node_modules/@playwright/test
971 verbose cwd /Users/sungsookim/universe/vectorfl_replica
972 verbose os Darwin 24.6.0
973 verbose node v24.13.0
974 verbose npm  v11.6.2
975 notice
975 notice New minor version of npm available! 11.6.2 -> 11.12.1
975 notice Changelog: https://github.com/npm/cli/releases/tag/v11.12.1
975 notice To update run: npm install -g npm@11.12.1
975 notice  { force: true, Symbol(proc-log.meta): true }
976 verbose exit 0
977 info ok
